
Optional file processor.o not found
Archive member included to satisfy reference by file (symbol)

c:/program files/microchip/xc32/v3.01/bin/bin/../../lib/gcc/pic32mx/8.3.1/../../../../pic32mx/lib\libpic32.a(default-bootstrap-exception-handler.o)
                              C:\Users\chesk\AppData\Local\Temp\ccoBCsWM.o (_bootstrap_exception_handler)
c:/program files/microchip/xc32/v3.01/bin/bin/../../lib/gcc/pic32mx/8.3.1/../../../../pic32mx/lib\libpic32.a(default-on-reset.o)
                              C:\Users\chesk\AppData\Local\Temp\ccoBCsWM.o (_on_reset)
c:/program files/microchip/xc32/v3.01/bin/bin/../../lib/gcc/pic32mx/8.3.1/../../../../pic32mx/lib\libpic32.a(default-on-bootstrap.o)
                              C:\Users\chesk\AppData\Local\Temp\ccoBCsWM.o (_on_bootstrap)
c:/program files/microchip/xc32/v3.01/bin/bin/../../lib/gcc/pic32mx/8.3.1/../../../../pic32mx/lib\libpic32.a(default-nmi-handler.o)
                              C:\Users\chesk\AppData\Local\Temp\ccoBCsWM.o (_nmi_handler)
c:/program files/microchip/xc32/v3.01/bin/bin/../../lib/gcc/pic32mx/8.3.1/../../../../pic32mx/lib\libpic32.a(pic32_data_init.o)
                              C:\Users\chesk\AppData\Local\Temp\ccoBCsWM.o (__pic32_data_init)
c:/program files/microchip/xc32/v3.01/bin/bin/../../lib/gcc/pic32mx/8.3.1/../../../../pic32mx/lib\libpic32.a(general-exception.o)
                              C:\Users\chesk\AppData\Local\Temp\ccoBCsWM.o (_general_exception_context)
c:/program files/microchip/xc32/v3.01/bin/bin/../../lib/gcc/pic32mx/8.3.1/../../../../pic32mx/lib\libpic32.a(vector0.o)
                              C:\Users\chesk\AppData\Local\Temp\ccT4FnO3.o (__vector_dispatch_0)
c:/program files/microchip/xc32/v3.01/bin/bin/../../lib/gcc/pic32mx/8.3.1/../../../../pic32mx/lib\libpic32.a(vector1.o)
                              C:\Users\chesk\AppData\Local\Temp\ccT4FnO3.o (__vector_dispatch_1)
c:/program files/microchip/xc32/v3.01/bin/bin/../../lib/gcc/pic32mx/8.3.1/../../../../pic32mx/lib\libpic32.a(vector2.o)
                              C:\Users\chesk\AppData\Local\Temp\ccT4FnO3.o (__vector_dispatch_2)
c:/program files/microchip/xc32/v3.01/bin/bin/../../lib/gcc/pic32mx/8.3.1/../../../../pic32mx/lib\libpic32.a(vector3.o)
                              C:\Users\chesk\AppData\Local\Temp\ccT4FnO3.o (__vector_dispatch_3)
c:/program files/microchip/xc32/v3.01/bin/bin/../../lib/gcc/pic32mx/8.3.1/../../../../pic32mx/lib\libpic32.a(vector4.o)
                              C:\Users\chesk\AppData\Local\Temp\ccT4FnO3.o (__vector_dispatch_4)
c:/program files/microchip/xc32/v3.01/bin/bin/../../lib/gcc/pic32mx/8.3.1/../../../../pic32mx/lib\libpic32.a(vector5.o)
                              C:\Users\chesk\AppData\Local\Temp\ccT4FnO3.o (__vector_dispatch_5)
c:/program files/microchip/xc32/v3.01/bin/bin/../../lib/gcc/pic32mx/8.3.1/../../../../pic32mx/lib\libpic32.a(vector6.o)
                              C:\Users\chesk\AppData\Local\Temp\ccT4FnO3.o (__vector_dispatch_6)
c:/program files/microchip/xc32/v3.01/bin/bin/../../lib/gcc/pic32mx/8.3.1/../../../../pic32mx/lib\libpic32.a(vector7.o)
                              C:\Users\chesk\AppData\Local\Temp\ccT4FnO3.o (__vector_dispatch_7)
c:/program files/microchip/xc32/v3.01/bin/bin/../../lib/gcc/pic32mx/8.3.1/../../../../pic32mx/lib\libpic32.a(vector8.o)
                              C:\Users\chesk\AppData\Local\Temp\ccT4FnO3.o (__vector_dispatch_8)
c:/program files/microchip/xc32/v3.01/bin/bin/../../lib/gcc/pic32mx/8.3.1/../../../../pic32mx/lib\libpic32.a(vector9.o)
                              C:\Users\chesk\AppData\Local\Temp\ccT4FnO3.o (__vector_dispatch_9)
c:/program files/microchip/xc32/v3.01/bin/bin/../../lib/gcc/pic32mx/8.3.1/../../../../pic32mx/lib\libpic32.a(vector10.o)
                              C:\Users\chesk\AppData\Local\Temp\ccT4FnO3.o (__vector_dispatch_10)
c:/program files/microchip/xc32/v3.01/bin/bin/../../lib/gcc/pic32mx/8.3.1/../../../../pic32mx/lib\libpic32.a(vector11.o)
                              C:\Users\chesk\AppData\Local\Temp\ccT4FnO3.o (__vector_dispatch_11)
c:/program files/microchip/xc32/v3.01/bin/bin/../../lib/gcc/pic32mx/8.3.1/../../../../pic32mx/lib\libpic32.a(vector12.o)
                              C:\Users\chesk\AppData\Local\Temp\ccT4FnO3.o (__vector_dispatch_12)
c:/program files/microchip/xc32/v3.01/bin/bin/../../lib/gcc/pic32mx/8.3.1/../../../../pic32mx/lib\libpic32.a(vector13.o)
                              C:\Users\chesk\AppData\Local\Temp\ccT4FnO3.o (__vector_dispatch_13)
c:/program files/microchip/xc32/v3.01/bin/bin/../../lib/gcc/pic32mx/8.3.1/../../../../pic32mx/lib\libpic32.a(vector14.o)
                              C:\Users\chesk\AppData\Local\Temp\ccT4FnO3.o (__vector_dispatch_14)
c:/program files/microchip/xc32/v3.01/bin/bin/../../lib/gcc/pic32mx/8.3.1/../../../../pic32mx/lib\libpic32.a(vector15.o)
                              C:\Users\chesk\AppData\Local\Temp\ccT4FnO3.o (__vector_dispatch_15)
[...]
Memory Configuration

Name             Origin             Length             Attributes
kseg0_program_mem 0x000000009d007490 0x0000000000038b70 xr
exception_mem    0x000000009d006000 0x0000000000001000
debug_exec_mem   0x000000009fc00490 0x0000000000000760
kseg0_boot_mem   0x000000009d006000 0x0000000000000000
kseg1_boot_mem   0x000000009d007000 0x0000000000000490
config3          0x00000000bfc00bf0 0x0000000000000004
config2          0x00000000bfc00bf4 0x0000000000000004
config1          0x00000000bfc00bf8 0x0000000000000004
config0          0x00000000bfc00bfc 0x0000000000000004
configsfrs       0x00000000bfc00bf0 0x0000000000000010
sfrs             0x00000000bf800000 0x0000000000100000
kseg1_data_mem   0x00000000a0000000 0x0000000000010000 w !x
*default*        0x0000000000000000 0xffffffffffffffff

Linker script and memory map

LOAD c:/program files/microchip/xc32/v3.01/bin/bin/../../lib/gcc/pic32mx/8.3.1/../../../../pic32mx/lib\debug-exception-return.o
LOAD build/default/production/nu32dip.o
LOAD build/default/production/template.o
                0x0000000000000001                __MPLAB_BUILD = 0x1
                0x0000000000000400                PROVIDE (_min_stack_size = 0x400)
                0x0000000000000000                PROVIDE (_min_heap_size = 0x0)
START GROUP
LOAD processor.o
END GROUP
                0x0000000000000001                PROVIDE (_vector_spacing = 0x1)
                0x000000009d006000                _ebase_address = 0x9d006000
                0x00000000bd007000                _RESET_ADDR = 0xbd007000
                0x00000000bfc07380                _BEV_EXCPT_ADDR = 0xbfc07380
                0x00000000bfc07480                _DBG_EXCPT_ADDR = 0xbfc07480
                0x000000009fc00490                _DBG_CODE_ADDR = 0x9fc00490
                0x0000000000000760                _DBG_CODE_SIZE = 0x760
                0x000000009d006180                _GEN_EXCPT_ADDR = (_ebase_address + 0x180)

.config_BFC00BF0
 *(.config_BFC00BF0)

.config_BFC00BF4
 *(.config_BFC00BF4)

.config_BFC00BF8
 *(.config_BFC00BF8)

.config_BFC00BFC
 *(.config_BFC00BFC)
                [!provide]                        PROVIDE (_DBG_CODE_ADDR = 0xbfc02000)
                [!provide]                        PROVIDE (_DBG_CODE_SIZE = 0xff0)

.reset          0x00000000bd007000      0x178
 *(.reset)
 .reset         0x00000000bd007000        0x8 C:\Users\chesk\AppData\Local\Temp\ccoBCsWM.o
                0x00000000bd007000                _reset
 *(.reset.startup)
 .reset.startup
                0x00000000bd007008      0x170 C:\Users\chesk\AppData\Local\Temp\ccoBCsWM.o
                0x00000000bd007008                _startup

.bev_excpt      0x00000000bfc07380       0x10
 *(.bev_handler)
 .bev_handler   0x00000000bfc07380       0x10 C:\Users\chesk\AppData\Local\Temp\ccoBCsWM.o

.dbg_excpt      0x00000000bfc07480        0x0
                0x00000000bfc07480                . = (. + DEFINED (_DEBUGGER)?0x8:0x0)

.dbg_code       0x000000009fc00490        0x0
                0x000000009fc00490                . = (. + DEFINED (_DEBUGGER)?_DBG_CODE_SIZE:0x0)

.app_excpt      0x000000009d006180       0x10
 *(.gen_handler)
 .gen_handler   0x000000009d006180       0x10 C:\Users\chesk\AppData\Local\Temp\ccoBCsWM.o

.vector_0       0x000000009d006200        0x8
 *(.vector_0)
 .vector_0      0x000000009d006200        0x8 c:/program files/microchip/xc32/v3.01/bin/bin/../../lib/gcc/pic32mx/8.3.1/../../../../pic32mx/lib\libpic32.a(vector0.o)
                0x000000009d006200                __vector_dispatch_0
                0x0000000000000001                ASSERT (((_vector_spacing == 0x0) || (SIZEOF (.vector_0) <= (_vector_spacing << 0x5))), function at exception vector 0 too large)

.vector_1       0x000000009d006220        0x8
 *(.vector_1)
 .vector_1      0x000000009d006220        0x8 c:/program files/microchip/xc32/v3.01/bin/bin/../../lib/gcc/pic32mx/8.3.1/../../../../pic32mx/lib\libpic32.a(vector1.o)
                0x000000009d006220                __vector_dispatch_1
                0x0000000000000001                ASSERT (((_vector_spacing == 0x0) || (SIZEOF (.vector_1) <= (_vector_spacing << 0x5))), function at exception vector 1 too large)

.vector_2       0x000000009d006240        0x8
 *(.vector_2)
 .vector_2      0x000000009d006240        0x8 c:/program files/microchip/xc32/v3.01/bin/bin/../../lib/gcc/pic32mx/8.3.1/../../../../pic32mx/lib\libpic32.a(vector2.o)
                0x000000009d006240                __vector_dispatch_2
                0x0000000000000001                ASSERT (((_vector_spacing == 0x0) || (SIZEOF (.vector_2) <= (_vector_spacing << 0x5))), function at exception vector 2 too large)

.vector_3       0x000000009d006260        0x8
 *(.vector_3)
 .vector_3      0x000000009d006260        0x8 c:/program files/microchip/xc32/v3.01/bin/bin/../../lib/gcc/pic32mx/8.3.1/../../../../pic32mx/lib\libpic32.a(vector3.o)
                0x000000009d006260                __vector_dispatch_3
                0x0000000000000001                ASSERT (((_vector_spacing == 0x0) || (SIZEOF (.vector_3) <= (_vector_spacing << 0x5))), function at exception vector 3 too large)

.vector_4       0x000000009d006280        0x8
 *(.vector_4)
 .vector_4      0x000000009d006280        0x8 c:/program files/microchip/xc32/v3.01/bin/bin/../../lib/gcc/pic32mx/8.3.1/../../../../pic32mx/lib\libpic32.a(vector4.o)
                0x000000009d006280                __vector_dispatch_4
                0x0000000000000001                ASSERT (((_vector_spacing == 0x0) || (SIZEOF (.vector_4) <= (_vector_spacing << 0x5))), function at exception vector 4 too large)

.vector_5       0x000000009d0062a0        0x8
 *(.vector_5)
 .vector_5      0x000000009d0062a0        0x8 c:/program files/microchip/xc32/v3.01/bin/bin/../../lib/gcc/pic32mx/8.3.1/../../../../pic32mx/lib\libpic32.a(vector5.o)
                0x000000009d0062a0                __vector_dispatch_5
                0x0000000000000001                ASSERT (((_vector_spacing == 0x0) || (SIZEOF (.vector_5) <= (_vector_spacing << 0x5))), function at exception vector 5 too large)

.vector_6       0x000000009d0062c0        0x8
 *(.vector_6)
 .vector_6      0x000000009d0062c0        0x8 c:/program files/microchip/xc32/v3.01/bin/bin/../../lib/gcc/pic32mx/8.3.1/../../../../pic32mx/lib\libpic32.a(vector6.o)
                0x000000009d0062c0                __vector_dispatch_6
                0x0000000000000001                ASSERT (((_vector_spacing == 0x0) || (SIZEOF (.vector_6) <= (_vector_spacing << 0x5))), function at exception vector 6 too large)

.vector_7       0x000000009d0062e0        0x8
 *(.vector_7)
 .vector_7      0x000000009d0062e0        0x8 c:/program files/microchip/xc32/v3.01/bin/bin/../../lib/gcc/pic32mx/8.3.1/../../../../pic32mx/lib\libpic32.a(vector7.o)
                0x000000009d0062e0                __vector_dispatch_7
                0x0000000000000001                ASSERT (((_vector_spacing == 0x0) || (SIZEOF (.vector_7) <= (_vector_spacing << 0x5))), function at exception vector 7 too large)

.vector_8       0x000000009d006300        0x8
 *(.vector_8)
 .vector_8      0x000000009d006300        0x8 c:/program files/microchip/xc32/v3.01/bin/bin/../../lib/gcc/pic32mx/8.3.1/../../../../pic32mx/lib\libpic32.a(vector8.o)
                0x000000009d006300                __vector_dispatch_8
                0x0000000000000001                ASSERT (((_vector_spacing == 0x0) || (SIZEOF (.vector_8) <= (_vector_spacing << 0x5))), function at exception vector 8 too large)

.vector_9       0x000000009d006320        0x8
 *(.vector_9)
 .vector_9      0x000000009d006320        0x8 c:/program files/microchip/xc32/v3.01/bin/bin/../../lib/gcc/pic32mx/8.3.1/../../../../pic32mx/lib\libpic32.a(vector9.o)
                0x000000009d006320                __vector_dispatch_9
                0x0000000000000001                ASSERT (((_vector_spacing == 0x0) || (SIZEOF (.vector_9) <= (_vector_spacing << 0x5))), function at exception vector 9 too large)

.vector_10      0x000000009d006340        0x8
 *(.vector_10)
 .vector_10     0x000000009d006340        0x8 c:/program files/microchip/xc32/v3.01/bin/bin/../../lib/gcc/pic32mx/8.3.1/../../../../pic32mx/lib\libpic32.a(vector10.o)
                0x000000009d006340                __vector_dispatch_10
                0x0000000000000001                ASSERT (((_vector_spacing == 0x0) || (SIZEOF (.vector_10) <= (_vector_spacing << 0x5))), function at exception vector 10 too large)

.vector_11      0x000000009d006360        0x8
 *(.vector_11)
 .vector_11     0x000000009d006360        0x8 c:/program files/microchip/xc32/v3.01/bin/bin/../../lib/gcc/pic32mx/8.3.1/../../../../pic32mx/lib\libpic32.a(vector11.o)
                0x000000009d006360                __vector_dispatch_11
                0x0000000000000001                ASSERT (((_vector_spacing == 0x0) || (SIZEOF (.vector_11) <= (_vector_spacing << 0x5))), function at exception vector 11 too large)

.vector_12      0x000000009d006380        0x8
 *(.vector_12)
 .vector_12     0x000000009d006380        0x8 c:/program files/microchip/xc32/v3.01/bin/bin/../../lib/gcc/pic32mx/8.3.1/../../../../pic32mx/lib\libpic32.a(vector12.o)
                0x000000009d006380                __vector_dispatch_12
                0x0000000000000001                ASSERT (((_vector_spacing == 0x0) || (SIZEOF (.vector_12) <= (_vector_spacing << 0x5))), function at exception vector 12 too large)

.vector_13      0x000000009d0063a0        0x8
 *(.vector_13)
 .vector_13     0x000000009d0063a0        0x8 c:/program files/microchip/xc32/v3.01/bin/bin/../../lib/gcc/pic32mx/8.3.1/../../../../pic32mx/lib\libpic32.a(vector13.o)
                0x000000009d0063a0                __vector_dispatch_13
                0x0000000000000001                ASSERT (((_vector_spacing == 0x0) || (SIZEOF (.vector_13) <= (_vector_spacing << 0x5))), function at exception vector 13 too large)

.vector_14      0x000000009d0063c0        0x8
 *(.vector_14)
 .vector_14     0x000000009d0063c0        0x8 c:/program files/microchip/xc32/v3.01/bin/bin/../../lib/gcc/pic32mx/8.3.1/../../../../pic32mx/lib\libpic32.a(vector14.o)
                0x000000009d0063c0                __vector_dispatch_14
                0x0000000000000001                ASSERT (((_vector_spacing == 0x0) || (SIZEOF (.vector_14) <= (_vector_spacing << 0x5))), function at exception vector 14 too large)

.vector_15      0x000000009d0063e0        0x8
 *(.vector_15)
 .vector_15     0x000000009d0063e0        0x8 c:/program files/microchip/xc32/v3.01/bin/bin/../../lib/gcc/pic32mx/8.3.1/../../../../pic32mx/lib\libpic32.a(vector15.o)
                0x000000009d0063e0                __vector_dispatch_15
                0x0000000000000001                ASSERT (((_vector_spacing == 0x0) || (SIZEOF (.vector_15) <= (_vector_spacing << 0x5))), function at exception vector 15 too large)

.vector_16      0x000000009d006400        0x8
 *(.vector_16)
 .vector_16     0x000000009d006400        0x8 c:/program files/microchip/xc32/v3.01/bin/bin/../../lib/gcc/pic32mx/8.3.1/../../../../pic32mx/lib\libpic32.a(vector16.o)
                0x000000009d006400                __vector_dispatch_16
                0x0000000000000001                ASSERT (((_vector_spacing == 0x0) || (SIZEOF (.vector_16) <= (_vector_spacing << 0x5))), function at exception vector 16 too large)

.vector_17      0x000000009d006420        0x8
 *(.vector_17)
 .vector_17     0x000000009d006420        0x8 c:/program files/microchip/xc32/v3.01/bin/bin/../../lib/gcc/pic32mx/8.3.1/../../../../pic32mx/lib\libpic32.a(vector17.o)
                0x000000009d006420                __vector_dispatch_17
                0x0000000000000001                ASSERT (((_vector_spacing == 0x0) || (SIZEOF (.vector_17) <= (_vector_spacing << 0x5))), function at exception vector 17 too large)

.vector_18      0x000000009d006440        0x8
 *(.vector_18)
 .vector_18     0x000000009d006440        0x8 c:/program files/microchip/xc32/v3.01/bin/bin/../../lib/gcc/pic32mx/8.3.1/../../../../pic32mx/lib\libpic32.a(vector18.o)
                0x000000009d006440                __vector_dispatch_18
                0x0000000000000001                ASSERT (((_vector_spacing == 0x0) || (SIZEOF (.vector_18) <= (_vector_spacing << 0x5))), function at exception vector 18 too large)

.vector_19      0x000000009d006460        0x8
 *(.vector_19)
 .vector_19     0x000000009d006460        0x8 c:/program files/microchip/xc32/v3.01/bin/bin/../../lib/gcc/pic32mx/8.3.1/../../../../pic32mx/lib\libpic32.a(vector19.o)
                0x000000009d006460                __vector_dispatch_19
                0x0000000000000001                ASSERT (((_vector_spacing == 0x0) || (SIZEOF (.vector_19) <= (_vector_spacing << 0x5))), function at exception vector 19 too large)

.vector_20      0x000000009d006480        0x8
 *(.vector_20)
 .vector_20     0x000000009d006480        0x8 c:/program files/microchip/xc32/v3.01/bin/bin/../../lib/gcc/pic32mx/8.3.1/../../../../pic32mx/lib\libpic32.a(vector20.o)
                0x000000009d006480                __vector_dispatch_20
                0x0000000000000001                ASSERT (((_vector_spacing == 0x0) || (SIZEOF (.vector_20) <= (_vector_spacing << 0x5))), function at exception vector 20 too large)

.vector_21      0x000000009d0064a0        0x8
 *(.vector_21)
 .vector_21     0x000000009d0064a0        0x8 c:/program files/microchip/xc32/v3.01/bin/bin/../../lib/gcc/pic32mx/8.3.1/../../../../pic32mx/lib\libpic32.a(vector21.o)
                0x000000009d0064a0                __vector_dispatch_21
                0x0000000000000001                ASSERT (((_vector_spacing == 0x0) || (SIZEOF (.vector_21) <= (_vector_spacing << 0x5))), function at exception vector 21 too large)

.vector_22      0x000000009d0064c0        0x8
 *(.vector_22)
 .vector_22     0x000000009d0064c0        0x8 c:/program files/microchip/xc32/v3.01/bin/bin/../../lib/gcc/pic32mx/8.3.1/../../../../pic32mx/lib\libpic32.a(vector22.o)
                0x000000009d0064c0                __vector_dispatch_22
                0x0000000000000001                ASSERT (((_vector_spacing == 0x0) || (SIZEOF (.vector_22) <= (_vector_spacing << 0x5))), function at exception vector 22 too large)

.vector_23      0x000000009d0064e0        0x8
 *(.vector_23)
 .vector_23     0x000000009d0064e0        0x8 c:/program files/microchip/xc32/v3.01/bin/bin/../../lib/gcc/pic32mx/8.3.1/../../../../pic32mx/lib\libpic32.a(vector23.o)
                0x000000009d0064e0                __vector_dispatch_23
                0x0000000000000001                ASSERT (((_vector_spacing == 0x0) || (SIZEOF (.vector_23) <= (_vector_spacing << 0x5))), function at exception vector 23 too large)

.vector_24      0x000000009d006500        0x8
 *(.vector_24)
 .vector_24     0x000000009d006500        0x8 c:/program files/microchip/xc32/v3.01/bin/bin/../../lib/gcc/pic32mx/8.3.1/../../../../pic32mx/lib\libpic32.a(vector24.o)
                0x000000009d006500                __vector_dispatch_24
                0x0000000000000001                ASSERT (((_vector_spacing == 0x0) || (SIZEOF (.vector_24) <= (_vector_spacing << 0x5))), function at exception vector 24 too large)

.vector_25      0x000000009d006520        0x8
 *(.vector_25)
 .vector_25     0x000000009d006520        0x8 c:/program files/microchip/xc32/v3.01/bin/bin/../../lib/gcc/pic32mx/8.3.1/../../../../pic32mx/lib\libpic32.a(vector25.o)
                0x000000009d006520                __vector_dispatch_25
                0x0000000000000001                ASSERT (((_vector_spacing == 0x0) || (SIZEOF (.vector_25) <= (_vector_spacing << 0x5))), function at exception vector 25 too large)

.vector_26      0x000000009d006540        0x8
 *(.vector_26)
 .vector_26     0x000000009d006540        0x8 c:/program files/microchip/xc32/v3.01/bin/bin/../../lib/gcc/pic32mx/8.3.1/../../../../pic32mx/lib\libpic32.a(vector26.o)
                0x000000009d006540                __vector_dispatch_26
                0x0000000000000001                ASSERT (((_vector_spacing == 0x0) || (SIZEOF (.vector_26) <= (_vector_spacing << 0x5))), function at exception vector 26 too large)

.vector_27      0x000000009d006560        0x8
 *(.vector_27)
 .vector_27     0x000000009d006560        0x8 c:/program files/microchip/xc32/v3.01/bin/bin/../../lib/gcc/pic32mx/8.3.1/../../../../pic32mx/lib\libpic32.a(vector27.o)
                0x000000009d006560                __vector_dispatch_27
                0x0000000000000001                ASSERT (((_vector_spacing == 0x0) || (SIZEOF (.vector_27) <= (_vector_spacing << 0x5))), function at exception vector 27 too large)

.vector_28      0x000000009d006580        0x8
 *(.vector_28)
 .vector_28     0x000000009d006580        0x8 c:/program files/microchip/xc32/v3.01/bin/bin/../../lib/gcc/pic32mx/8.3.1/../../../../pic32mx/lib\libpic32.a(vector28.o)
                0x000000009d006580                __vector_dispatch_28
                0x0000000000000001                ASSERT (((_vector_spacing == 0x0) || (SIZEOF (.vector_28) <= (_vector_spacing << 0x5))), function at exception vector 28 too large)

.vector_29      0x000000009d0065a0        0x8
 *(.vector_29)
 .vector_29     0x000000009d0065a0        0x8 c:/program files/microchip/xc32/v3.01/bin/bin/../../lib/gcc/pic32mx/8.3.1/../../../../pic32mx/lib\libpic32.a(vector29.o)
                0x000000009d0065a0                __vector_dispatch_29
                0x0000000000000001                ASSERT (((_vector_spacing == 0x0) || (SIZEOF (.vector_29) <= (_vector_spacing << 0x5))), function at exception vector 29 too large)

.vector_30      0x000000009d0065c0        0x8
 *(.vector_30)
 .vector_30     0x000000009d0065c0        0x8 c:/program files/microchip/xc32/v3.01/bin/bin/../../lib/gcc/pic32mx/8.3.1/../../../../pic32mx/lib\libpic32.a(vector30.o)
                0x000000009d0065c0                __vector_dispatch_30
                0x0000000000000001                ASSERT (((_vector_spacing == 0x0) || (SIZEOF (.vector_30) <= (_vector_spacing << 0x5))), function at exception vector 30 too large)

.vector_31      0x000000009d0065e0        0x8
 *(.vector_31)
 .vector_31     0x000000009d0065e0        0x8 c:/program files/microchip/xc32/v3.01/bin/bin/../../lib/gcc/pic32mx/8.3.1/../../../../pic32mx/lib\libpic32.a(vector31.o)
                0x000000009d0065e0                __vector_dispatch_31
                0x0000000000000001                ASSERT (((_vector_spacing == 0x0) || (SIZEOF (.vector_31) <= (_vector_spacing << 0x5))), function at exception vector 31 too large)

.vector_32      0x000000009d006600        0x8
 *(.vector_32)
 .vector_32     0x000000009d006600        0x8 c:/program files/microchip/xc32/v3.01/bin/bin/../../lib/gcc/pic32mx/8.3.1/../../../../pic32mx/lib\libpic32.a(vector32.o)
                0x000000009d006600                __vector_dispatch_32
                0x0000000000000001                ASSERT (((_vector_spacing == 0x0) || (SIZEOF (.vector_32) <= (_vector_spacing << 0x5))), function at exception vector 32 too large)

.vector_33      0x000000009d006620        0x8
 *(.vector_33)
 .vector_33     0x000000009d006620        0x8 c:/program files/microchip/xc32/v3.01/bin/bin/../../lib/gcc/pic32mx/8.3.1/../../../../pic32mx/lib\libpic32.a(vector33.o)
                0x000000009d006620                __vector_dispatch_33
                0x0000000000000001                ASSERT (((_vector_spacing == 0x0) || (SIZEOF (.vector_33) <= (_vector_spacing << 0x5))), function at exception vector 33 too large)

.vector_34      0x000000009d006640        0x8
 *(.vector_34)
 .vector_34     0x000000009d006640        0x8 c:/program files/microchip/xc32/v3.01/bin/bin/../../lib/gcc/pic32mx/8.3.1/../../../../pic32mx/lib\libpic32.a(vector34.o)
                0x000000009d006640                __vector_dispatch_34
                0x0000000000000001                ASSERT (((_vector_spacing == 0x0) || (SIZEOF (.vector_34) <= (_vector_spacing << 0x5))), function at exception vector 34 too large)

.vector_35      0x000000009d006660        0x8
 *(.vector_35)
 .vector_35     0x000000009d006660        0x8 c:/program files/microchip/xc32/v3.01/bin/bin/../../lib/gcc/pic32mx/8.3.1/../../../../pic32mx/lib\libpic32.a(vector35.o)
                0x000000009d006660                __vector_dispatch_35
                0x0000000000000001                ASSERT (((_vector_spacing == 0x0) || (SIZEOF (.vector_35) <= (_vector_spacing << 0x5))), function at exception vector 35 too large)

.vector_36      0x000000009d006680        0x8
 *(.vector_36)
 .vector_36     0x000000009d006680        0x8 c:/program files/microchip/xc32/v3.01/bin/bin/../../lib/gcc/pic32mx/8.3.1/../../../../pic32mx/lib\libpic32.a(vector36.o)
                0x000000009d006680                __vector_dispatch_36
                0x0000000000000001                ASSERT (((_vector_spacing == 0x0) || (SIZEOF (.vector_36) <= (_vector_spacing << 0x5))), function at exception vector 36 too large)

.vector_37      0x000000009d0066a0        0x8
 *(.vector_37)
 .vector_37     0x000000009d0066a0        0x8 c:/program files/microchip/xc32/v3.01/bin/bin/../../lib/gcc/pic32mx/8.3.1/../../../../pic32mx/lib\libpic32.a(vector37.o)
                0x000000009d0066a0                __vector_dispatch_37
                0x0000000000000001                ASSERT (((_vector_spacing == 0x0) || (SIZEOF (.vector_37) <= (_vector_spacing << 0x5))), function at exception vector 37 too large)

.vector_38      0x000000009d0066c0        0x8
 *(.vector_38)
 .vector_38     0x000000009d0066c0        0x8 c:/program files/microchip/xc32/v3.01/bin/bin/../../lib/gcc/pic32mx/8.3.1/../../../../pic32mx/lib\libpic32.a(vector38.o)
                0x000000009d0066c0                __vector_dispatch_38
                0x0000000000000001                ASSERT (((_vector_spacing == 0x0) || (SIZEOF (.vector_38) <= (_vector_spacing << 0x5))), function at exception vector 38 too large)

.vector_39      0x000000009d0066e0        0x8
 *(.vector_39)
 .vector_39     0x000000009d0066e0        0x8 c:/program files/microchip/xc32/v3.01/bin/bin/../../lib/gcc/pic32mx/8.3.1/../../../../pic32mx/lib\libpic32.a(vector39.o)
                0x000000009d0066e0                __vector_dispatch_39
                0x0000000000000001                ASSERT (((_vector_spacing == 0x0) || (SIZEOF (.vector_39) <= (_vector_spacing << 0x5))), function at exception vector 39 too large)

.vector_40      0x000000009d006700        0x8
 *(.vector_40)
 .vector_40     0x000000009d006700        0x8 c:/program files/microchip/xc32/v3.01/bin/bin/../../lib/gcc/pic32mx/8.3.1/../../../../pic32mx/lib\libpic32.a(vector40.o)
                0x000000009d006700                __vector_dispatch_40
                0x0000000000000001                ASSERT (((_vector_spacing == 0x0) || (SIZEOF (.vector_40) <= (_vector_spacing << 0x5))), function at exception vector 40 too large)

.vector_41      0x000000009d006720        0x8
 *(.vector_41)
 .vector_41     0x000000009d006720        0x8 c:/program files/microchip/xc32/v3.01/bin/bin/../../lib/gcc/pic32mx/8.3.1/../../../../pic32mx/lib\libpic32.a(vector41.o)
                0x000000009d006720                __vector_dispatch_41
                0x0000000000000001                ASSERT (((_vector_spacing == 0x0) || (SIZEOF (.vector_41) <= (_vector_spacing << 0x5))), function at exception vector 41 too large)

.vector_42      0x000000009d006740        0x8
 *(.vector_42)
 .vector_42     0x000000009d006740        0x8 c:/program files/microchip/xc32/v3.01/bin/bin/../../lib/gcc/pic32mx/8.3.1/../../../../pic32mx/lib\libpic32.a(vector42.o)
                0x000000009d006740                __vector_dispatch_42
                0x0000000000000001                ASSERT (((_vector_spacing == 0x0) || (SIZEOF (.vector_42) <= (_vector_spacing << 0x5))), function at exception vector 42 too large)

.vector_43      0x000000009d006760        0x8
 *(.vector_43)
 .vector_43     0x000000009d006760        0x8 c:/program files/microchip/xc32/v3.01/bin/bin/../../lib/gcc/pic32mx/8.3.1/../../../../pic32mx/lib\libpic32.a(vector43.o)
                0x000000009d006760                __vector_dispatch_43
                0x0000000000000001                ASSERT (((_vector_spacing == 0x0) || (SIZEOF (.vector_43) <= (_vector_spacing << 0x5))), function at exception vector 43 too large)

.vector_44      0x000000009d006780        0x0
 *(.vector_44)
                0x0000000000000001                ASSERT (((_vector_spacing == 0x0) || (SIZEOF (.vector_44) <= (_vector_spacing << 0x5))), function at exception vector 44 too large)

.vector_45      0x000000009d0067a0        0x0
 *(.vector_45)
                0x0000000000000001                ASSERT (((_vector_spacing == 0x0) || (SIZEOF (.vector_45) <= (_vector_spacing << 0x5))), function at exception vector 45 too large)

.vector_46      0x000000009d0067c0        0x0
 *(.vector_46)
                0x0000000000000001                ASSERT (((_vector_spacing == 0x0) || (SIZEOF (.vector_46) <= (_vector_spacing << 0x5))), function at exception vector 46 too large)

.vector_47      0x000000009d0067e0        0x0
 *(.vector_47)
                0x0000000000000001                ASSERT (((_vector_spacing == 0x0) || (SIZEOF (.vector_47) <= (_vector_spacing << 0x5))), function at exception vector 47 too large)

.vector_48      0x000000009d006800        0x0
 *(.vector_48)
                0x0000000000000001                ASSERT (((_vector_spacing == 0x0) || (SIZEOF (.vector_48) <= (_vector_spacing << 0x5))), function at exception vector 48 too large)

.vector_49      0x000000009d006820        0x0
 *(.vector_49)
                0x0000000000000001                ASSERT (((_vector_spacing == 0x0) || (SIZEOF (.vector_49) <= (_vector_spacing << 0x5))), function at exception vector 49 too large)

.vector_50      0x000000009d006840        0x0
 *(.vector_50)
                0x0000000000000001                ASSERT (((_vector_spacing == 0x0) || (SIZEOF (.vector_50) <= (_vector_spacing << 0x5))), function at exception vector 50 too large)

.vector_51      0x000000009d006860        0x0
 *(.vector_51)
                0x0000000000000001                ASSERT (((_vector_spacing == 0x0) || (SIZEOF (.vector_51) <= (_vector_spacing << 0x5))), function at exception vector 51 too large)

.vector_52      0x000000009d006880        0x0
 *(.vector_52)
                0x0000000000000001                ASSERT (((_vector_spacing == 0x0) || (SIZEOF (.vector_52) <= (_vector_spacing << 0x5))), function at exception vector 52 too large)

.vector_53      0x000000009d0068a0        0x0
 *(.vector_53)
                0x0000000000000001                ASSERT (((_vector_spacing == 0x0) || (SIZEOF (.vector_53) <= (_vector_spacing << 0x5))), function at exception vector 53 too large)

.vector_54      0x000000009d0068c0        0x0
 *(.vector_54)
                0x0000000000000001                ASSERT (((_vector_spacing == 0x0) || (SIZEOF (.vector_54) <= (_vector_spacing << 0x5))), function at exception vector 54 too large)

.vector_55      0x000000009d0068e0        0x0
 *(.vector_55)
                0x0000000000000001                ASSERT (((_vector_spacing == 0x0) || (SIZEOF (.vector_55) <= (_vector_spacing << 0x5))), function at exception vector 55 too large)

.vector_56      0x000000009d006900        0x0
 *(.vector_56)
                0x0000000000000001                ASSERT (((_vector_spacing == 0x0) || (SIZEOF (.vector_56) <= (_vector_spacing << 0x5))), function at exception vector 56 too large)

.vector_57      0x000000009d006920        0x0
 *(.vector_57)
                0x0000000000000001                ASSERT (((_vector_spacing == 0x0) || (SIZEOF (.vector_57) <= (_vector_spacing << 0x5))), function at exception vector 57 too large)

.vector_58      0x000000009d006940        0x0
 *(.vector_58)
                0x0000000000000001                ASSERT (((_vector_spacing == 0x0) || (SIZEOF (.vector_58) <= (_vector_spacing << 0x5))), function at exception vector 58 too large)

.vector_59      0x000000009d006960        0x0
 *(.vector_59)
                0x0000000000000001                ASSERT (((_vector_spacing == 0x0) || (SIZEOF (.vector_59) <= (_vector_spacing << 0x5))), function at exception vector 59 too large)

.vector_60      0x000000009d006980        0x0
 *(.vector_60)
                0x0000000000000001                ASSERT (((_vector_spacing == 0x0) || (SIZEOF (.vector_60) <= (_vector_spacing << 0x5))), function at exception vector 60 too large)

.vector_61      0x000000009d0069a0        0x0
 *(.vector_61)
                0x0000000000000001                ASSERT (((_vector_spacing == 0x0) || (SIZEOF (.vector_61) <= (_vector_spacing << 0x5))), function at exception vector 61 too large)

.vector_62      0x000000009d0069c0        0x0
 *(.vector_62)
                0x0000000000000001                ASSERT (((_vector_spacing == 0x0) || (SIZEOF (.vector_62) <= (_vector_spacing << 0x5))), function at exception vector 62 too large)

.vector_63      0x000000009d0069e0        0x0
 *(.vector_63)
                0x0000000000000001                ASSERT (((_vector_spacing == 0x0) || (SIZEOF (.vector_63) <= (_vector_spacing << 0x5))), function at exception vector 63 too large)

.startup
 *(.startup)

.text
 *(.stub .gnu.linkonce.t.*)
 *(.text.*personality*)
 *(.mips16.fn.*)
 *(.mips16.call.*)
 *(.gnu.warning)

.rodata         0x000000009d007490       0x38
 *(.rodata.* .gnu.linkonce.r.*)
 .rodata.str1.4
                0x000000009d007490        0x8 c:/program files/microchip/xc32/v3.01/bin/bin/../../lib/gcc/pic32mx/8.3.1/../../../../pic32mx/lib\liblega-c.a(_doprnt_cdnopuxX.eo)
 .rodata.str1.4
                0x000000009d007498       0x30 c:/program files/microchip/xc32/v3.01/bin/bin/../../lib/gcc/pic32mx/8.3.1/../../../../pic32mx/lib\liblega-c.a(_doscan.o)
 *(.rodata1)
                0x000000009d0074c8                . = ALIGN (0x4)

.sdata2         0x000000009d0074c8        0x0
 *(.sdata2 .sdata2.* .gnu.linkonce.s2.*)
                0x000000009d0074c8                . = ALIGN (0x4)

.sbss2          0x000000009d0074c8        0x0
 *(.sbss2 .sbss2.* .gnu.linkonce.sb2.*)
                0x000000009d0074c8                . = ALIGN (0x4)

.eh_frame_hdr
 *(.eh_frame_hdr)

.eh_frame
 *(.eh_frame)

.dbg_data       0x00000000a0000000        0x0
                0x00000000a0000000                . = (. + DEFINED (_DEBUGGER)?0x200:0x0)

.persist        0x00000000a0000000        0x0
                0x00000000a0000000                _persist_begin = .
 *(.persist .persist.*)
                0x00000000a0000000                . = ALIGN (0x4)
                0x00000000a0000000                _persist_end = .

.eh_frame
 *(.eh_frame)
                0x00000000a0000000                . = .
                0x00000000a0007ff0                _gp = (ALIGN (0x10) + 0x7ff0)

.got
 *(.got.plt)
 *(.got)

.sdata          0x00000000a0000000        0x8
                0x00000000a0000000                _sdata_begin = .
 *(.sdata .sdata.* .gnu.linkonce.s.*)
 .sdata         0x00000000a0000000        0x4 c:/program files/microchip/xc32/v3.01/bin/bin/../../lib/gcc/pic32mx/8.3.1/../../../../pic32mx/lib\liblega-c.a(_iobdata.o)
                0x00000000a0000000                _libc_data
 .sdata         0x00000000a0000004        0x4 c:/program files/microchip/xc32/v3.01/bin/bin/../../lib/gcc/pic32mx/8.3.1/../../../../pic32mx/lib\libpic32.a(xc32_uart.o)
                0x00000000a0000004                __XC_UART
                0x00000000a0000008                _sdata_end = .

.lit8
 *(.lit8)

.lit4
 *(.lit4)
                0x00000000a0000008                . = ALIGN (0x4)
                0x00000000a0000008                _data_end = .
                0x00000000a0000008                _bss_begin = .

.sbss           0x00000000a0000008        0x4
                0x00000000a0000008                _sbss_begin = .
 *(.dynsbss)
 *(.sbss .sbss.* .gnu.linkonce.sb.*)
 .sbss          0x00000000a0000008        0x4 c:/program files/microchip/xc32/v3.01/bin/bin/../../lib/gcc/pic32mx/8.3.1/../../../../pic32mx/lib\liblega-c.a(errno.o)
                0x00000000a0000008                errno
 *(.scommon)
                0x00000000a000000c                _sbss_end = .

.bss            0x00000000a000000c        0x0
 *(.dynbss)
 *(COMMON)
                0x00000000a000000c                . = ALIGN (0x4)
                0x00000000a000000c                . = ALIGN (0x4)
                0x00000000a000000c                _end = .
                0x00000000a000000c                _bss_end = .
                0x0000000000010000                _bmxdudba_address = LENGTH (kseg1_data_mem)
                0x0000000000010000                _bmxdupba_address = LENGTH (kseg1_data_mem)

/DISCARD/
 *(.pdr)
 *(.reginfo)
 *(.rel.dyn)
 *(.note.GNU-stack)
 *(.note.GNU-stack)
 *(.gnu_debuglink)
 *(.gnu.lto_*)
 *(.discard)

.stab
 *(.stab)

.stabstr
 *(.stabstr)

.stab.excl
 *(.stab.excl)

.stab.exclstr
 *(.stab.exclstr)

.stab.index
 *(.stab.index)

.stab.indexstr
 *(.stab.indexstr)

.comment        0x0000000000000000      0xaf8
 *(.comment)
 .comment       0x0000000000000000       0x53 build/default/production/nu32dip.o
                                         0x54 (size before relaxing)
 .comment       0x0000000000000053       0x54 build/default/production/template.o
 .comment       0x0000000000000053       0x54 c:/program files/microchip/xc32/v3.01/bin/bin/../../lib/gcc/pic32mx/8.3.1/../../../../pic32mx/lib\libpic32.a(default-bootstrap-exception-handler.o)
 .comment       0x0000000000000053       0x54 c:/program files/microchip/xc32/v3.01/bin/bin/../../lib/gcc/pic32mx/8.3.1/../../../../pic32mx/lib\libpic32.a(default-on-reset.o)
 .comment       0x0000000000000053       0x54 c:/program files/microchip/xc32/v3.01/bin/bin/../../lib/gcc/pic32mx/8.3.1/../../../../pic32mx/lib\libpic32.a(default-on-bootstrap.o)
 .comment       0x0000000000000053       0x54 c:/program files/microchip/xc32/v3.01/bin/bin/../../lib/gcc/pic32mx/8.3.1/../../../../pic32mx/lib\libpic32.a(default-general-exception-handler.o)
 .comment       0x0000000000000053       0x54 c:/program files/microchip/xc32/v3.01/bin/bin/../../lib/gcc/pic32mx/8.3.1/../../../../pic32mx/lib\libpic32.a(defaultinterrupt.o)
 .comment       0x0000000000000053       0x52 c:/program files/microchip/xc32/v3.01/bin/bin/../../lib/gcc/pic32mx/8.3.1/../../../../pic32mx/lib\liblega-c.a(sprintf_cdnopuxX.eo)
                                         0xa6 (size before relaxing)
 .comment       0x00000000000000a5       0x51 c:/program files/microchip/xc32/v3.01/bin/bin/../../lib/gcc/pic32mx/8.3.1/../../../../pic32mx/lib\liblega-c.a(sscanf_cdnopuxX.eo)
                                         0xa5 (size before relaxing)
 .comment       0x00000000000000f6       0x4f c:/program files/microchip/xc32/v3.01/bin/bin/../../lib/gcc/pic32mx/8.3.1/../../../../pic32mx/lib\liblega-c.a(strlen.o)
                                         0xa3 (size before relaxing)
 .comment       0x0000000000000145       0x52 c:/program files/microchip/xc32/v3.01/bin/bin/../../lib/gcc/pic32mx/8.3.1/../../../../pic32mx/lib\liblega-c.a(_doprnt_cdnopuxX.eo)
                                         0xa6 (size before relaxing)
 .comment       0x0000000000000197       0x53 c:/program files/microchip/xc32/v3.01/bin/bin/../../lib/gcc/pic32mx/8.3.1/../../../../pic32mx/lib\liblega-c.a(_iobdata.o)
                                         0xa7 (size before relaxing)
 .comment       0x00000000000001ea       0x54 c:/program files/microchip/xc32/v3.01/bin/bin/../../lib/gcc/pic32mx/8.3.1/../../../../pic32mx/lib\liblega-c.a(_iobfuncs.o)
                                         0xa8 (size before relaxing)
 .comment       0x000000000000023e       0x55 c:/program files/microchip/xc32/v3.01/bin/bin/../../lib/gcc/pic32mx/8.3.1/../../../../pic32mx/lib\liblega-c.a(_iobstring.o)
                                         0xa9 (size before relaxing)
 .comment       0x0000000000000293       0x50 c:/program files/microchip/xc32/v3.01/bin/bin/../../lib/gcc/pic32mx/8.3.1/../../../../pic32mx/lib\liblega-c.a(fputc.o)
                                         0xa4 (size before relaxing)
 .comment       0x00000000000002e3       0x52 c:/program files/microchip/xc32/v3.01/bin/bin/../../lib/gcc/pic32mx/8.3.1/../../../../pic32mx/lib\liblega-c.a(_doscan.o)
                                         0xa6 (size before relaxing)
 .comment       0x0000000000000335       0x4e c:/program files/microchip/xc32/v3.01/bin/bin/../../lib/gcc/pic32mx/8.3.1/../../../../pic32mx/lib\liblega-c.a(stubs.o)
                                         0xa2 (size before relaxing)
 .comment       0x0000000000000383       0x4f c:/program files/microchip/xc32/v3.01/bin/bin/../../lib/gcc/pic32mx/8.3.1/../../../../pic32mx/lib\liblega-c.a(strchr.o)
                                         0xa3 (size before relaxing)
 .comment       0x00000000000003d2       0x4f c:/program files/microchip/xc32/v3.01/bin/bin/../../lib/gcc/pic32mx/8.3.1/../../../../pic32mx/lib\liblega-c.a(memcpy.o)
                                         0xa3 (size before relaxing)
 .comment       0x0000000000000421       0x4f c:/program files/microchip/xc32/v3.01/bin/bin/../../lib/gcc/pic32mx/8.3.1/../../../../pic32mx/lib\liblega-c.a(memset.o)
                                         0xa3 (size before relaxing)
 .comment       0x0000000000000470       0x4e c:/program files/microchip/xc32/v3.01/bin/bin/../../lib/gcc/pic32mx/8.3.1/../../../../pic32mx/lib\liblega-c.a(ctype.o)
                                         0xa2 (size before relaxing)
 .comment       0x00000000000004be       0x54 c:/program files/microchip/xc32/v3.01/bin/bin/../../lib/gcc/pic32mx/8.3.1/../../../../pic32mx/lib\liblega-c.a(malloc.o)
 .comment       0x00000000000004be       0x54 c:/program files/microchip/xc32/v3.01/bin/bin/../../lib/gcc/pic32mx/8.3.1/../../../../pic32mx/lib\liblega-c.a(malloc_realloc.o)
 .comment       0x00000000000004be       0x4e c:/program files/microchip/xc32/v3.01/bin/bin/../../lib/gcc/pic32mx/8.3.1/../../../../pic32mx/lib\liblega-c.a(errno.o)
                                         0xa2 (size before relaxing)
 .comment       0x000000000000050c       0x4f c:/program files/microchip/xc32/v3.01/bin/bin/../../lib/gcc/pic32mx/8.3.1/../../../../pic32mx/lib\liblega-c.a(strtol.o)
                                         0xa3 (size before relaxing)
 .comment       0x000000000000055b       0x50 c:/program files/microchip/xc32/v3.01/bin/bin/../../lib/gcc/pic32mx/8.3.1/../../../../pic32mx/lib\liblega-c.a(strtoul.o)
                                         0xa4 (size before relaxing)
 .comment       0x00000000000005ab       0x50 c:/program files/microchip/xc32/v3.01/bin/bin/../../lib/gcc/pic32mx/8.3.1/../../../../pic32mx/lib\liblega-c.a(strtoll.o)
                                         0xa4 (size before relaxing)
 .comment       0x00000000000005fb       0x51 c:/program files/microchip/xc32/v3.01/bin/bin/../../lib/gcc/pic32mx/8.3.1/../../../../pic32mx/lib\liblega-c.a(strtoull.o)
                                         0xa5 (size before relaxing)
 .comment       0x000000000000064c       0x4f c:/program files/microchip/xc32/v3.01/bin/bin/../../lib/gcc/pic32mx/8.3.1/../../../../pic32mx/lib\liblega-c.a(strtod.o)
                                         0xa3 (size before relaxing)
 .comment       0x000000000000069b       0xa3 c:/program files/microchip/xc32/v3.01/bin/bin/../../lib/gcc/pic32mx/8.3.1/../../../../pic32mx/lib\liblega-c.a(strtof.o)
 .comment       0x000000000000069b       0x51 c:/program files/microchip/xc32/v3.01/bin/bin/../../lib/gcc/pic32mx/8.3.1/../../../../pic32mx/lib\liblega-c.a(fullexit.o)
                                         0xa5 (size before relaxing)
 .comment       0x00000000000006ec       0x50 c:/program files/microchip/xc32/v3.01/bin/bin/../../lib/gcc/pic32mx/8.3.1/../../../../pic32mx/lib\liblega-c.a(fgetc.o)
                                         0xa4 (size before relaxing)
 .comment       0x000000000000073c       0x51 c:/program files/microchip/xc32/v3.01/bin/bin/../../lib/gcc/pic32mx/8.3.1/../../../../pic32mx/lib\liblega-c.a(ungetc.o)
                                         0xa5 (size before relaxing)
 .comment       0x000000000000078d       0x50 c:/program files/microchip/xc32/v3.01/bin/bin/../../lib/gcc/pic32mx/8.3.1/../../../../pic32mx/lib\liblega-c.a(memmove.o)
                                         0xa4 (size before relaxing)
 .comment       0x00000000000007dd       0x52 c:/program files/microchip/xc32/v3.01/bin/bin/../../lib/gcc/pic32mx/8.3.1/../../../../pic32mx/lib\liblega-c.a(_ioinit.o)
                                         0xa6 (size before relaxing)
 .comment       0x000000000000082f       0x51 c:/program files/microchip/xc32/v3.01/bin/bin/../../lib/gcc/pic32mx/8.3.1/../../../../pic32mx/lib\liblega-c.a(_cleanup.o)
                                         0xa5 (size before relaxing)
 .comment       0x0000000000000880       0x53 c:/program files/microchip/xc32/v3.01/bin/bin/../../lib/gcc/pic32mx/8.3.1/../../../../pic32mx/lib\liblega-c.a(_bufproc.o)
                                         0xa7 (size before relaxing)
 .comment       0x00000000000008d3       0x9d c:/program files/microchip/xc32/v3.01/bin/bin/../../lib/gcc/pic32mx/8.3.1/../../../../pic32mx/lib\libm.a(__strtod.o)
                                         0xf1 (size before relaxing)
 .comment       0x0000000000000970       0x4f c:/program files/microchip/xc32/v3.01/bin/bin/../../lib/gcc/pic32mx/8.3.1/../../../../pic32mx/lib\libm.a(__strtof.o)
                                         0xf1 (size before relaxing)
 .comment       0x00000000000009bf       0x50 c:/program files/microchip/xc32/v3.01/bin/bin/../../lib/gcc/pic32mx/8.3.1/../../../../pic32mx/lib\libe.a(_ldexp.o)
                                         0xf2 (size before relaxing)
 .comment       0x0000000000000a0f       0x50 c:/program files/microchip/xc32/v3.01/bin/bin/../../lib/gcc/pic32mx/8.3.1/../../../../pic32mx/lib\libe.a(_ldexpf.o)
                                         0xf2 (size before relaxing)
 .comment       0x0000000000000a5f       0x54 c:/program files/microchip/xc32/v3.01/bin/bin/../../lib/gcc/pic32mx/8.3.1\libgcc.a(_divdi3.o)
 .comment       0x0000000000000a5f       0x54 c:/program files/microchip/xc32/v3.01/bin/bin/../../lib/gcc/pic32mx/8.3.1\libgcc.a(_udivdi3.o)
 .comment       0x0000000000000a5f       0x54 c:/program files/microchip/xc32/v3.01/bin/bin/../../lib/gcc/pic32mx/8.3.1\libgcc.a(_umoddi3.o)
 .comment       0x0000000000000a5f       0x4b c:/program files/microchip/xc32/v3.01/bin/bin/../../lib/gcc/pic32mx/8.3.1/../../../../pic32mx/lib\libpic32.a(sbrk.o)
                                         0x9f (size before relaxing)
 .comment       0x0000000000000aaa       0x54 c:/program files/microchip/xc32/v3.01/bin/bin/../../lib/gcc/pic32mx/8.3.1/../../../../pic32mx/lib\libpic32.a(_exit.o)
 .comment       0x0000000000000aaa       0x4e c:/program files/microchip/xc32/v3.01/bin/bin/../../lib/gcc/pic32mx/8.3.1/../../../../pic32mx/lib\libpic32.a(isatty.o)
                                         0xa2 (size before relaxing)
 .comment       0x0000000000000af8       0x54 c:/program files/microchip/xc32/v3.01/bin/bin/../../lib/gcc/pic32mx/8.3.1/../../../../pic32mx/lib\libpic32.a(_mon_getc.o)
 .comment       0x0000000000000af8       0x54 c:/program files/microchip/xc32/v3.01/bin/bin/../../lib/gcc/pic32mx/8.3.1/../../../../pic32mx/lib\libpic32.a(_mon_write.o)
 .comment       0x0000000000000af8       0x54 c:/program files/microchip/xc32/v3.01/bin/bin/../../lib/gcc/pic32mx/8.3.1/../../../../pic32mx/lib\libpic32.a(xc32_uart.o)
 .comment       0x0000000000000af8       0x54 c:/program files/microchip/xc32/v3.01/bin/bin/../../lib/gcc/pic32mx/8.3.1/../../../../pic32mx/lib\libpic32.a(_mon_putc.o)

.debug
 *(.debug)

.line
 *(.line)

.debug_srcinfo
 *(.debug_srcinfo)

.debug_sfnames
 *(.debug_sfnames)

.debug_aranges  0x0000000000000000      0x2a0
 *(.debug_aranges)
 .debug_aranges
                0x0000000000000000       0x20 build/default/production/nu32dip.o
 .debug_aranges
                0x0000000000000020       0x20 build/default/production/template.o
 .debug_aranges
                0x0000000000000040       0x20 c:/program files/microchip/xc32/v3.01/bin/bin/../../lib/gcc/pic32mx/8.3.1/../../../../pic32mx/lib\libpic32.a(default-bootstrap-exception-handler.o)
 .debug_aranges
                0x0000000000000060       0x20 c:/program files/microchip/xc32/v3.01/bin/bin/../../lib/gcc/pic32mx/8.3.1/../../../../pic32mx/lib\libpic32.a(default-on-reset.o)
 .debug_aranges
                0x0000000000000080       0x20 c:/program files/microchip/xc32/v3.01/bin/bin/../../lib/gcc/pic32mx/8.3.1/../../../../pic32mx/lib\libpic32.a(default-on-bootstrap.o)
 .debug_aranges
                0x00000000000000a0       0x20 c:/program files/microchip/xc32/v3.01/bin/bin/../../lib/gcc/pic32mx/8.3.1/../../../../pic32mx/lib\libpic32.a(default-general-exception-handler.o)
 .debug_aranges
                0x00000000000000c0       0x20 c:/program files/microchip/xc32/v3.01/bin/bin/../../lib/gcc/pic32mx/8.3.1/../../../../pic32mx/lib\libpic32.a(defaultinterrupt.o)
 .debug_aranges
                0x00000000000000e0       0x20 c:/program files/microchip/xc32/v3.01/bin/bin/../../lib/gcc/pic32mx/8.3.1/../../../../pic32mx/lib\libm.a(__strtod.o)
 .debug_aranges
                0x0000000000000100       0x20 c:/program files/microchip/xc32/v3.01/bin/bin/../../lib/gcc/pic32mx/8.3.1/../../../../pic32mx/lib\libm.a(__strtof.o)
 .debug_aranges
                0x0000000000000120       0x20 c:/program files/microchip/xc32/v3.01/bin/bin/../../lib/gcc/pic32mx/8.3.1/../../../../pic32mx/lib\libe.a(_ldexp.o)
 .debug_aranges
                0x0000000000000140       0x20 c:/program files/microchip/xc32/v3.01/bin/bin/../../lib/gcc/pic32mx/8.3.1/../../../../pic32mx/lib\libe.a(_ldexpf.o)
 .debug_aranges
                0x0000000000000160       0x20 c:/program files/microchip/xc32/v3.01/bin/bin/../../lib/gcc/pic32mx/8.3.1\libgcc.a(_divdi3.o)
 .debug_aranges
                0x0000000000000180       0x20 c:/program files/microchip/xc32/v3.01/bin/bin/../../lib/gcc/pic32mx/8.3.1\libgcc.a(_udivdi3.o)
 .debug_aranges
                0x00000000000001a0       0x20 c:/program files/microchip/xc32/v3.01/bin/bin/../../lib/gcc/pic32mx/8.3.1\libgcc.a(_umoddi3.o)
 .debug_aranges
                0x00000000000001c0       0x40 c:/program files/microchip/xc32/v3.01/bin/bin/../../lib/gcc/pic32mx/8.3.1/../../../../pic32mx/lib\libpic32.a(sbrk.o)
 .debug_aranges
                0x0000000000000200       0x20 c:/program files/microchip/xc32/v3.01/bin/bin/../../lib/gcc/pic32mx/8.3.1/../../../../pic32mx/lib\libpic32.a(_exit.o)
 .debug_aranges
                0x0000000000000220       0x20 c:/program files/microchip/xc32/v3.01/bin/bin/../../lib/gcc/pic32mx/8.3.1/../../../../pic32mx/lib\libpic32.a(isatty.o)
 .debug_aranges
                0x0000000000000240       0x20 c:/program files/microchip/xc32/v3.01/bin/bin/../../lib/gcc/pic32mx/8.3.1/../../../../pic32mx/lib\libpic32.a(_mon_getc.o)
 .debug_aranges
                0x0000000000000260       0x20 c:/program files/microchip/xc32/v3.01/bin/bin/../../lib/gcc/pic32mx/8.3.1/../../../../pic32mx/lib\libpic32.a(_mon_write.o)
 .debug_aranges
                0x0000000000000280       0x20 c:/program files/microchip/xc32/v3.01/bin/bin/../../lib/gcc/pic32mx/8.3.1/../../../../pic32mx/lib\libpic32.a(_mon_putc.o)

.debug_pubnames
 *(.debug_pubnames)

.debug_info     0x0000000000000000    0x24291
 *(.debug_info .gnu.linkonce.wi.*)
 .debug_info    0x0000000000000000    0x111e0 build/default/production/nu32dip.o
 .debug_info    0x00000000000111e0    0x11206 build/default/production/template.o
 .debug_info    0x00000000000223e6       0x41 c:/program files/microchip/xc32/v3.01/bin/bin/../../lib/gcc/pic32mx/8.3.1/../../../../pic32mx/lib\libpic32.a(default-bootstrap-exception-handler.o)
 .debug_info    0x0000000000022427       0x3f c:/program files/microchip/xc32/v3.01/bin/bin/../../lib/gcc/pic32mx/8.3.1/../../../../pic32mx/lib\libpic32.a(default-on-reset.o)
 .debug_info    0x0000000000022466       0x3f c:/program files/microchip/xc32/v3.01/bin/bin/../../lib/gcc/pic32mx/8.3.1/../../../../pic32mx/lib\libpic32.a(default-on-bootstrap.o)
 .debug_info    0x00000000000224a5       0x41 c:/program files/microchip/xc32/v3.01/bin/bin/../../lib/gcc/pic32mx/8.3.1/../../../../pic32mx/lib\libpic32.a(default-general-exception-handler.o)
 .debug_info    0x00000000000224e6       0x40 c:/program files/microchip/xc32/v3.01/bin/bin/../../lib/gcc/pic32mx/8.3.1/../../../../pic32mx/lib\libpic32.a(defaultinterrupt.o)
 .debug_info    0x0000000000022526       0x4b c:/program files/microchip/xc32/v3.01/bin/bin/../../lib/gcc/pic32mx/8.3.1/../../../../pic32mx/lib\libm.a(__strtod.o)
 .debug_info    0x0000000000022571       0x61 c:/program files/microchip/xc32/v3.01/bin/bin/../../lib/gcc/pic32mx/8.3.1/../../../../pic32mx/lib\libm.a(__strtof.o)
 .debug_info    0x00000000000225d2       0x77 c:/program files/microchip/xc32/v3.01/bin/bin/../../lib/gcc/pic32mx/8.3.1/../../../../pic32mx/lib\libe.a(_ldexp.o)
 .debug_info    0x0000000000022649       0x77 c:/program files/microchip/xc32/v3.01/bin/bin/../../lib/gcc/pic32mx/8.3.1/../../../../pic32mx/lib\libe.a(_ldexpf.o)
 .debug_info    0x00000000000226c0      0x8aa c:/program files/microchip/xc32/v3.01/bin/bin/../../lib/gcc/pic32mx/8.3.1\libgcc.a(_divdi3.o)
 .debug_info    0x0000000000022f6a      0x85c c:/program files/microchip/xc32/v3.01/bin/bin/../../lib/gcc/pic32mx/8.3.1\libgcc.a(_udivdi3.o)
 .debug_info    0x00000000000237c6      0x8d4 c:/program files/microchip/xc32/v3.01/bin/bin/../../lib/gcc/pic32mx/8.3.1\libgcc.a(_umoddi3.o)
 .debug_info    0x000000000002409a       0xae c:/program files/microchip/xc32/v3.01/bin/bin/../../lib/gcc/pic32mx/8.3.1/../../../../pic32mx/lib\libpic32.a(sbrk.o)
 .debug_info    0x0000000000024148       0x40 c:/program files/microchip/xc32/v3.01/bin/bin/../../lib/gcc/pic32mx/8.3.1/../../../../pic32mx/lib\libpic32.a(_exit.o)
 .debug_info    0x0000000000024188       0x3f c:/program files/microchip/xc32/v3.01/bin/bin/../../lib/gcc/pic32mx/8.3.1/../../../../pic32mx/lib\libpic32.a(isatty.o)
 .debug_info    0x00000000000241c7       0x40 c:/program files/microchip/xc32/v3.01/bin/bin/../../lib/gcc/pic32mx/8.3.1/../../../../pic32mx/lib\libpic32.a(_mon_getc.o)
 .debug_info    0x0000000000024207       0x4a c:/program files/microchip/xc32/v3.01/bin/bin/../../lib/gcc/pic32mx/8.3.1/../../../../pic32mx/lib\libpic32.a(_mon_write.o)
 .debug_info    0x0000000000024251       0x40 c:/program files/microchip/xc32/v3.01/bin/bin/../../lib/gcc/pic32mx/8.3.1/../../../../pic32mx/lib\libpic32.a(_mon_putc.o)

.debug_abbrev   0x0000000000000000      0xe1b
 *(.debug_abbrev)
 .debug_abbrev  0x0000000000000000      0x24f build/default/production/nu32dip.o
 .debug_abbrev  0x000000000000024f      0x25a build/default/production/template.o
 .debug_abbrev  0x00000000000004a9       0x31 c:/program files/microchip/xc32/v3.01/bin/bin/../../lib/gcc/pic32mx/8.3.1/../../../../pic32mx/lib\libpic32.a(default-bootstrap-exception-handler.o)
 .debug_abbrev  0x00000000000004da       0x2e c:/program files/microchip/xc32/v3.01/bin/bin/../../lib/gcc/pic32mx/8.3.1/../../../../pic32mx/lib\libpic32.a(default-on-reset.o)
 .debug_abbrev  0x0000000000000508       0x2e c:/program files/microchip/xc32/v3.01/bin/bin/../../lib/gcc/pic32mx/8.3.1/../../../../pic32mx/lib\libpic32.a(default-on-bootstrap.o)
 .debug_abbrev  0x0000000000000536       0x31 c:/program files/microchip/xc32/v3.01/bin/bin/../../lib/gcc/pic32mx/8.3.1/../../../../pic32mx/lib\libpic32.a(default-general-exception-handler.o)
 .debug_abbrev  0x0000000000000567       0x31 c:/program files/microchip/xc32/v3.01/bin/bin/../../lib/gcc/pic32mx/8.3.1/../../../../pic32mx/lib\libpic32.a(defaultinterrupt.o)
 .debug_abbrev  0x0000000000000598       0x3d c:/program files/microchip/xc32/v3.01/bin/bin/../../lib/gcc/pic32mx/8.3.1/../../../../pic32mx/lib\libm.a(__strtod.o)
 .debug_abbrev  0x00000000000005d5       0x50 c:/program files/microchip/xc32/v3.01/bin/bin/../../lib/gcc/pic32mx/8.3.1/../../../../pic32mx/lib\libm.a(__strtof.o)
 .debug_abbrev  0x0000000000000625       0x61 c:/program files/microchip/xc32/v3.01/bin/bin/../../lib/gcc/pic32mx/8.3.1/../../../../pic32mx/lib\libe.a(_ldexp.o)
 .debug_abbrev  0x0000000000000686       0x61 c:/program files/microchip/xc32/v3.01/bin/bin/../../lib/gcc/pic32mx/8.3.1/../../../../pic32mx/lib\libe.a(_ldexpf.o)
 .debug_abbrev  0x00000000000006e7      0x1ec c:/program files/microchip/xc32/v3.01/bin/bin/../../lib/gcc/pic32mx/8.3.1\libgcc.a(_divdi3.o)
 .debug_abbrev  0x00000000000008d3      0x1d8 c:/program files/microchip/xc32/v3.01/bin/bin/../../lib/gcc/pic32mx/8.3.1\libgcc.a(_udivdi3.o)
 .debug_abbrev  0x0000000000000aab      0x1ee c:/program files/microchip/xc32/v3.01/bin/bin/../../lib/gcc/pic32mx/8.3.1\libgcc.a(_umoddi3.o)
 .debug_abbrev  0x0000000000000c99       0x90 c:/program files/microchip/xc32/v3.01/bin/bin/../../lib/gcc/pic32mx/8.3.1/../../../../pic32mx/lib\libpic32.a(sbrk.o)
 .debug_abbrev  0x0000000000000d29       0x31 c:/program files/microchip/xc32/v3.01/bin/bin/../../lib/gcc/pic32mx/8.3.1/../../../../pic32mx/lib\libpic32.a(_exit.o)
 .debug_abbrev  0x0000000000000d5a       0x2e c:/program files/microchip/xc32/v3.01/bin/bin/../../lib/gcc/pic32mx/8.3.1/../../../../pic32mx/lib\libpic32.a(isatty.o)
 .debug_abbrev  0x0000000000000d88       0x2e c:/program files/microchip/xc32/v3.01/bin/bin/../../lib/gcc/pic32mx/8.3.1/../../../../pic32mx/lib\libpic32.a(_mon_getc.o)
 .debug_abbrev  0x0000000000000db6       0x37 c:/program files/microchip/xc32/v3.01/bin/bin/../../lib/gcc/pic32mx/8.3.1/../../../../pic32mx/lib\libpic32.a(_mon_write.o)
 .debug_abbrev  0x0000000000000ded       0x2e c:/program files/microchip/xc32/v3.01/bin/bin/../../lib/gcc/pic32mx/8.3.1/../../../../pic32mx/lib\libpic32.a(_mon_putc.o)

.debug_line     0x0000000000000000     0x2316
 *(.debug_line)
 .debug_line    0x0000000000000000      0x297 build/default/production/nu32dip.o
 .debug_line    0x0000000000000297      0x265 build/default/production/template.o
 .debug_line    0x00000000000004fc       0xca c:/program files/microchip/xc32/v3.01/bin/bin/../../lib/gcc/pic32mx/8.3.1/../../../../pic32mx/lib\libpic32.a(default-bootstrap-exception-handler.o)
 .debug_line    0x00000000000005c6       0xa6 c:/program files/microchip/xc32/v3.01/bin/bin/../../lib/gcc/pic32mx/8.3.1/../../../../pic32mx/lib\libpic32.a(default-on-reset.o)
 .debug_line    0x000000000000066c       0xaa c:/program files/microchip/xc32/v3.01/bin/bin/../../lib/gcc/pic32mx/8.3.1/../../../../pic32mx/lib\libpic32.a(default-on-bootstrap.o)
 .debug_line    0x0000000000000716       0xc8 c:/program files/microchip/xc32/v3.01/bin/bin/../../lib/gcc/pic32mx/8.3.1/../../../../pic32mx/lib\libpic32.a(default-general-exception-handler.o)
 .debug_line    0x00000000000007de       0xc9 c:/program files/microchip/xc32/v3.01/bin/bin/../../lib/gcc/pic32mx/8.3.1/../../../../pic32mx/lib\libpic32.a(defaultinterrupt.o)
 .debug_line    0x00000000000008a7      0x1ea c:/program files/microchip/xc32/v3.01/bin/bin/../../lib/gcc/pic32mx/8.3.1/../../../../pic32mx/lib\libm.a(__strtod.o)
 .debug_line    0x0000000000000a91      0x1e7 c:/program files/microchip/xc32/v3.01/bin/bin/../../lib/gcc/pic32mx/8.3.1/../../../../pic32mx/lib\libm.a(__strtof.o)
 .debug_line    0x0000000000000c78      0x149 c:/program files/microchip/xc32/v3.01/bin/bin/../../lib/gcc/pic32mx/8.3.1/../../../../pic32mx/lib\libe.a(_ldexp.o)
 .debug_line    0x0000000000000dc1      0x132 c:/program files/microchip/xc32/v3.01/bin/bin/../../lib/gcc/pic32mx/8.3.1/../../../../pic32mx/lib\libe.a(_ldexpf.o)
 .debug_line    0x0000000000000ef3      0x4d7 c:/program files/microchip/xc32/v3.01/bin/bin/../../lib/gcc/pic32mx/8.3.1\libgcc.a(_divdi3.o)
 .debug_line    0x00000000000013ca      0x490 c:/program files/microchip/xc32/v3.01/bin/bin/../../lib/gcc/pic32mx/8.3.1\libgcc.a(_udivdi3.o)
 .debug_line    0x000000000000185a      0x4d9 c:/program files/microchip/xc32/v3.01/bin/bin/../../lib/gcc/pic32mx/8.3.1\libgcc.a(_umoddi3.o)
 .debug_line    0x0000000000001d33      0x1af c:/program files/microchip/xc32/v3.01/bin/bin/../../lib/gcc/pic32mx/8.3.1/../../../../pic32mx/lib\libpic32.a(sbrk.o)
 .debug_line    0x0000000000001ee2       0x9a c:/program files/microchip/xc32/v3.01/bin/bin/../../lib/gcc/pic32mx/8.3.1/../../../../pic32mx/lib\libpic32.a(_exit.o)
 .debug_line    0x0000000000001f7c       0x9c c:/program files/microchip/xc32/v3.01/bin/bin/../../lib/gcc/pic32mx/8.3.1/../../../../pic32mx/lib\libpic32.a(isatty.o)
 .debug_line    0x0000000000002018      0x12d c:/program files/microchip/xc32/v3.01/bin/bin/../../lib/gcc/pic32mx/8.3.1/../../../../pic32mx/lib\libpic32.a(_mon_getc.o)
 .debug_line    0x0000000000002145       0xb0 c:/program files/microchip/xc32/v3.01/bin/bin/../../lib/gcc/pic32mx/8.3.1/../../../../pic32mx/lib\libpic32.a(_mon_write.o)
 .debug_line    0x00000000000021f5        0x0 c:/program files/microchip/xc32/v3.01/bin/bin/../../lib/gcc/pic32mx/8.3.1/../../../../pic32mx/lib\libpic32.a(xc32_uart.o)
 .debug_line    0x00000000000021f5      0x121 c:/program files/microchip/xc32/v3.01/bin/bin/../../lib/gcc/pic32mx/8.3.1/../../../../pic32mx/lib\libpic32.a(_mon_putc.o)

.debug_frame    0x0000000000000000      0x430
 *(.debug_frame)
 .debug_frame   0x0000000000000000       0x74 build/default/production/nu32dip.o
 .debug_frame   0x0000000000000074       0x50 build/default/production/template.o
 .debug_frame   0x00000000000000c4       0x2c c:/program files/microchip/xc32/v3.01/bin/bin/../../lib/gcc/pic32mx/8.3.1/../../../../pic32mx/lib\libpic32.a(default-bootstrap-exception-handler.o)
 .debug_frame   0x00000000000000f0       0x20 c:/program files/microchip/xc32/v3.01/bin/bin/../../lib/gcc/pic32mx/8.3.1/../../../../pic32mx/lib\libpic32.a(default-on-reset.o)
 .debug_frame   0x0000000000000110       0x20 c:/program files/microchip/xc32/v3.01/bin/bin/../../lib/gcc/pic32mx/8.3.1/../../../../pic32mx/lib\libpic32.a(default-on-bootstrap.o)
 .debug_frame   0x0000000000000130       0x2c c:/program files/microchip/xc32/v3.01/bin/bin/../../lib/gcc/pic32mx/8.3.1/../../../../pic32mx/lib\libpic32.a(default-general-exception-handler.o)
 .debug_frame   0x000000000000015c       0x20 c:/program files/microchip/xc32/v3.01/bin/bin/../../lib/gcc/pic32mx/8.3.1/../../../../pic32mx/lib\libpic32.a(defaultinterrupt.o)
 .debug_frame   0x000000000000017c       0x48 c:/program files/microchip/xc32/v3.01/bin/bin/../../lib/gcc/pic32mx/8.3.1/../../../../pic32mx/lib\libm.a(__strtod.o)
 .debug_frame   0x00000000000001c4       0x48 c:/program files/microchip/xc32/v3.01/bin/bin/../../lib/gcc/pic32mx/8.3.1/../../../../pic32mx/lib\libm.a(__strtof.o)
 .debug_frame   0x000000000000020c       0x20 c:/program files/microchip/xc32/v3.01/bin/bin/../../lib/gcc/pic32mx/8.3.1/../../../../pic32mx/lib\libe.a(_ldexp.o)
 .debug_frame   0x000000000000022c       0x20 c:/program files/microchip/xc32/v3.01/bin/bin/../../lib/gcc/pic32mx/8.3.1/../../../../pic32mx/lib\libe.a(_ldexpf.o)
 .debug_frame   0x000000000000024c       0x20 c:/program files/microchip/xc32/v3.01/bin/bin/../../lib/gcc/pic32mx/8.3.1\libgcc.a(_divdi3.o)
 .debug_frame   0x000000000000026c       0x20 c:/program files/microchip/xc32/v3.01/bin/bin/../../lib/gcc/pic32mx/8.3.1\libgcc.a(_udivdi3.o)
 .debug_frame   0x000000000000028c       0x20 c:/program files/microchip/xc32/v3.01/bin/bin/../../lib/gcc/pic32mx/8.3.1\libgcc.a(_umoddi3.o)
 .debug_frame   0x00000000000002ac       0x98 c:/program files/microchip/xc32/v3.01/bin/bin/../../lib/gcc/pic32mx/8.3.1/../../../../pic32mx/lib\libpic32.a(sbrk.o)
 .debug_frame   0x0000000000000344       0x20 c:/program files/microchip/xc32/v3.01/bin/bin/../../lib/gcc/pic32mx/8.3.1/../../../../pic32mx/lib\libpic32.a(_exit.o)
 .debug_frame   0x0000000000000364       0x20 c:/program files/microchip/xc32/v3.01/bin/bin/../../lib/gcc/pic32mx/8.3.1/../../../../pic32mx/lib\libpic32.a(isatty.o)
 .debug_frame   0x0000000000000384       0x38 c:/program files/microchip/xc32/v3.01/bin/bin/../../lib/gcc/pic32mx/8.3.1/../../../../pic32mx/lib\libpic32.a(_mon_getc.o)
 .debug_frame   0x00000000000003bc       0x38 c:/program files/microchip/xc32/v3.01/bin/bin/../../lib/gcc/pic32mx/8.3.1/../../../../pic32mx/lib\libpic32.a(_mon_write.o)
 .debug_frame   0x00000000000003f4       0x3c c:/program files/microchip/xc32/v3.01/bin/bin/../../lib/gcc/pic32mx/8.3.1/../../../../pic32mx/lib\libpic32.a(_mon_putc.o)

.debug_str      0x0000000000000000    0x1018c
 *(.debug_str)
 .debug_str     0x0000000000000000     0x5da7 build/default/production/nu32dip.o
 .debug_str     0x0000000000005da7     0x5d60 build/default/production/template.o
 .debug_str     0x000000000000bb07      0x3b3 c:/program files/microchip/xc32/v3.01/bin/bin/../../lib/gcc/pic32mx/8.3.1/../../../../pic32mx/lib\libpic32.a(default-bootstrap-exception-handler.o)
 .debug_str     0x000000000000beba      0x38d c:/program files/microchip/xc32/v3.01/bin/bin/../../lib/gcc/pic32mx/8.3.1/../../../../pic32mx/lib\libpic32.a(default-on-reset.o)
 .debug_str     0x000000000000c247      0x395 c:/program files/microchip/xc32/v3.01/bin/bin/../../lib/gcc/pic32mx/8.3.1/../../../../pic32mx/lib\libpic32.a(default-on-bootstrap.o)
 .debug_str     0x000000000000c5dc      0x3af c:/program files/microchip/xc32/v3.01/bin/bin/../../lib/gcc/pic32mx/8.3.1/../../../../pic32mx/lib\libpic32.a(default-general-exception-handler.o)
 .debug_str     0x000000000000c98b      0x3a7 c:/program files/microchip/xc32/v3.01/bin/bin/../../lib/gcc/pic32mx/8.3.1/../../../../pic32mx/lib\libpic32.a(defaultinterrupt.o)
 .debug_str     0x000000000000cd32      0x33c c:/program files/microchip/xc32/v3.01/bin/bin/../../lib/gcc/pic32mx/8.3.1/../../../../pic32mx/lib\libm.a(__strtod.o)
 .debug_str     0x000000000000d06e      0x33c c:/program files/microchip/xc32/v3.01/bin/bin/../../lib/gcc/pic32mx/8.3.1/../../../../pic32mx/lib\libm.a(__strtof.o)
 .debug_str     0x000000000000d3aa      0x33f c:/program files/microchip/xc32/v3.01/bin/bin/../../lib/gcc/pic32mx/8.3.1/../../../../pic32mx/lib\libe.a(_ldexp.o)
 .debug_str     0x000000000000d6e9      0x340 c:/program files/microchip/xc32/v3.01/bin/bin/../../lib/gcc/pic32mx/8.3.1/../../../../pic32mx/lib\libe.a(_ldexpf.o)
 .debug_str     0x000000000000da29      0x4e2 c:/program files/microchip/xc32/v3.01/bin/bin/../../lib/gcc/pic32mx/8.3.1\libgcc.a(_divdi3.o)
 .debug_str     0x000000000000df0b      0x4e3 c:/program files/microchip/xc32/v3.01/bin/bin/../../lib/gcc/pic32mx/8.3.1\libgcc.a(_udivdi3.o)
 .debug_str     0x000000000000e3ee      0x4e3 c:/program files/microchip/xc32/v3.01/bin/bin/../../lib/gcc/pic32mx/8.3.1\libgcc.a(_umoddi3.o)
 .debug_str     0x000000000000e8d1      0x3ad c:/program files/microchip/xc32/v3.01/bin/bin/../../lib/gcc/pic32mx/8.3.1/../../../../pic32mx/lib\libpic32.a(sbrk.o)
 .debug_str     0x000000000000ec7e      0x37e c:/program files/microchip/xc32/v3.01/bin/bin/../../lib/gcc/pic32mx/8.3.1/../../../../pic32mx/lib\libpic32.a(_exit.o)
 .debug_str     0x000000000000effc      0x380 c:/program files/microchip/xc32/v3.01/bin/bin/../../lib/gcc/pic32mx/8.3.1/../../../../pic32mx/lib\libpic32.a(isatty.o)
 .debug_str     0x000000000000f37c      0x386 c:/program files/microchip/xc32/v3.01/bin/bin/../../lib/gcc/pic32mx/8.3.1/../../../../pic32mx/lib\libpic32.a(_mon_getc.o)
 .debug_str     0x000000000000f702      0x388 c:/program files/microchip/xc32/v3.01/bin/bin/../../lib/gcc/pic32mx/8.3.1/../../../../pic32mx/lib\libpic32.a(_mon_write.o)
 .debug_str     0x000000000000fa8a      0x37c c:/program files/microchip/xc32/v3.01/bin/bin/../../lib/gcc/pic32mx/8.3.1/../../../../pic32mx/lib\libpic32.a(xc32_uart.o)
 .debug_str     0x000000000000fe06      0x386 c:/program files/microchip/xc32/v3.01/bin/bin/../../lib/gcc/pic32mx/8.3.1/../../../../pic32mx/lib\libpic32.a(_mon_putc.o)

.debug_loc      0x0000000000000000     0x2244
 *(.debug_loc)
 .debug_loc     0x0000000000000000       0x2c c:/program files/microchip/xc32/v3.01/bin/bin/../../lib/gcc/pic32mx/8.3.1/../../../../pic32mx/lib\libpic32.a(default-bootstrap-exception-handler.o)
 .debug_loc     0x000000000000002c       0x2c c:/program files/microchip/xc32/v3.01/bin/bin/../../lib/gcc/pic32mx/8.3.1/../../../../pic32mx/lib\libpic32.a(default-general-exception-handler.o)
 .debug_loc     0x0000000000000058       0x21 c:/program files/microchip/xc32/v3.01/bin/bin/../../lib/gcc/pic32mx/8.3.1/../../../../pic32mx/lib\libm.a(__strtod.o)
 .debug_loc     0x0000000000000079       0x20 c:/program files/microchip/xc32/v3.01/bin/bin/../../lib/gcc/pic32mx/8.3.1/../../../../pic32mx/lib\libm.a(__strtof.o)
 .debug_loc     0x0000000000000099      0xbd3 c:/program files/microchip/xc32/v3.01/bin/bin/../../lib/gcc/pic32mx/8.3.1\libgcc.a(_divdi3.o)
 .debug_loc     0x0000000000000c6c      0xb5b c:/program files/microchip/xc32/v3.01/bin/bin/../../lib/gcc/pic32mx/8.3.1\libgcc.a(_udivdi3.o)
 .debug_loc     0x00000000000017c7      0x969 c:/program files/microchip/xc32/v3.01/bin/bin/../../lib/gcc/pic32mx/8.3.1\libgcc.a(_umoddi3.o)
 .debug_loc     0x0000000000002130       0x6c c:/program files/microchip/xc32/v3.01/bin/bin/../../lib/gcc/pic32mx/8.3.1/../../../../pic32mx/lib\libpic32.a(sbrk.o)
 .debug_loc     0x000000000000219c       0x38 c:/program files/microchip/xc32/v3.01/bin/bin/../../lib/gcc/pic32mx/8.3.1/../../../../pic32mx/lib\libpic32.a(_mon_getc.o)
 .debug_loc     0x00000000000021d4       0x2c c:/program files/microchip/xc32/v3.01/bin/bin/../../lib/gcc/pic32mx/8.3.1/../../../../pic32mx/lib\libpic32.a(_mon_write.o)
 .debug_loc     0x0000000000002200       0x44 c:/program files/microchip/xc32/v3.01/bin/bin/../../lib/gcc/pic32mx/8.3.1/../../../../pic32mx/lib\libpic32.a(_mon_putc.o)

.debug_macinfo
 *(.debug_macinfo)

.debug_weaknames
 *(.debug_weaknames)

.debug_funcnames
 *(.debug_funcnames)

.debug_typenames
 *(.debug_typenames)

.debug_varnames
 *(.debug_varnames)

.debug_pubtypes
 *(.debug_pubtypes)

.debug_ranges   0x0000000000000000      0x3e8
 *(.debug_ranges)
 .debug_ranges  0x0000000000000000       0x10 c:/program files/microchip/xc32/v3.01/bin/bin/../../lib/gcc/pic32mx/8.3.1/../../../../pic32mx/lib\libpic32.a(default-bootstrap-exception-handler.o)
 .debug_ranges  0x0000000000000010       0x10 c:/program files/microchip/xc32/v3.01/bin/bin/../../lib/gcc/pic32mx/8.3.1/../../../../pic32mx/lib\libpic32.a(default-on-reset.o)
 .debug_ranges  0x0000000000000020       0x10 c:/program files/microchip/xc32/v3.01/bin/bin/../../lib/gcc/pic32mx/8.3.1/../../../../pic32mx/lib\libpic32.a(default-on-bootstrap.o)
 .debug_ranges  0x0000000000000030       0x10 c:/program files/microchip/xc32/v3.01/bin/bin/../../lib/gcc/pic32mx/8.3.1/../../../../pic32mx/lib\libpic32.a(default-general-exception-handler.o)
 .debug_ranges  0x0000000000000040       0x10 c:/program files/microchip/xc32/v3.01/bin/bin/../../lib/gcc/pic32mx/8.3.1/../../../../pic32mx/lib\libpic32.a(defaultinterrupt.o)
 .debug_ranges  0x0000000000000050       0x10 c:/program files/microchip/xc32/v3.01/bin/bin/../../lib/gcc/pic32mx/8.3.1/../../../../pic32mx/lib\libm.a(__strtod.o)
 .debug_ranges  0x0000000000000060       0x28 c:/program files/microchip/xc32/v3.01/bin/bin/../../lib/gcc/pic32mx/8.3.1/../../../../pic32mx/lib\libm.a(__strtof.o)
 .debug_ranges  0x0000000000000088       0x48 c:/program files/microchip/xc32/v3.01/bin/bin/../../lib/gcc/pic32mx/8.3.1/../../../../pic32mx/lib\libe.a(_ldexp.o)
 .debug_ranges  0x00000000000000d0       0x38 c:/program files/microchip/xc32/v3.01/bin/bin/../../lib/gcc/pic32mx/8.3.1/../../../../pic32mx/lib\libe.a(_ldexpf.o)
 .debug_ranges  0x0000000000000108       0xc8 c:/program files/microchip/xc32/v3.01/bin/bin/../../lib/gcc/pic32mx/8.3.1\libgcc.a(_divdi3.o)
 .debug_ranges  0x00000000000001d0       0xd0 c:/program files/microchip/xc32/v3.01/bin/bin/../../lib/gcc/pic32mx/8.3.1\libgcc.a(_udivdi3.o)
 .debug_ranges  0x00000000000002a0       0xa0 c:/program files/microchip/xc32/v3.01/bin/bin/../../lib/gcc/pic32mx/8.3.1\libgcc.a(_umoddi3.o)
 .debug_ranges  0x0000000000000340       0x58 c:/program files/microchip/xc32/v3.01/bin/bin/../../lib/gcc/pic32mx/8.3.1/../../../../pic32mx/lib\libpic32.a(sbrk.o)
 .debug_ranges  0x0000000000000398       0x10 c:/program files/microchip/xc32/v3.01/bin/bin/../../lib/gcc/pic32mx/8.3.1/../../../../pic32mx/lib\libpic32.a(_exit.o)
 .debug_ranges  0x00000000000003a8       0x10 c:/program files/microchip/xc32/v3.01/bin/bin/../../lib/gcc/pic32mx/8.3.1/../../../../pic32mx/lib\libpic32.a(isatty.o)
 .debug_ranges  0x00000000000003b8       0x10 c:/program files/microchip/xc32/v3.01/bin/bin/../../lib/gcc/pic32mx/8.3.1/../../../../pic32mx/lib\libpic32.a(_mon_getc.o)
 .debug_ranges  0x00000000000003c8       0x10 c:/program files/microchip/xc32/v3.01/bin/bin/../../lib/gcc/pic32mx/8.3.1/../../../../pic32mx/lib\libpic32.a(_mon_write.o)
 .debug_ranges  0x00000000000003d8       0x10 c:/program files/microchip/xc32/v3.01/bin/bin/../../lib/gcc/pic32mx/8.3.1/../../../../pic32mx/lib\libpic32.a(_mon_putc.o)

.gnu.attributes
                0x0000000000000000       0x10
 *(.gnu.attributes)
 .gnu.attributes
                0x0000000000000000       0x10 c:/program files/microchip/xc32/v3.01/bin/bin/../../lib/gcc/pic32mx/8.3.1/../../../../pic32mx/lib\debug-exception-return.o
 .gnu.attributes
                0x0000000000000010       0x10 build/default/production/nu32dip.o
 .gnu.attributes
                0x0000000000000020       0x10 build/default/production/template.o
 .gnu.attributes
                0x0000000000000030       0x10 C:\Users\chesk\AppData\Local\Temp\ccoBCsWM.o
 .gnu.attributes
                0x0000000000000040       0x10 C:\Users\chesk\AppData\Local\Temp\cc4KNZAT.o
 .gnu.attributes
                0x0000000000000050       0x10 C:\Users\chesk\AppData\Local\Temp\ccT4FnO3.o
 .gnu.attributes
                0x0000000000000060       0x10 c:/program files/microchip/xc32/v3.01/bin/bin/../../lib/gcc/pic32mx/8.3.1/../../../../pic32mx/lib\pic32_software_reset.o
 .gnu.attributes
                0x0000000000000070       0x10 c:/program files/microchip/xc32/v3.01/bin/bin/../../lib/gcc/pic32mx/8.3.1/../../../../pic32mx/lib\libpic32.a(default-bootstrap-exception-handler.o)
 .gnu.attributes
                0x0000000000000080       0x10 c:/program files/microchip/xc32/v3.01/bin/bin/../../lib/gcc/pic32mx/8.3.1/../../../../pic32mx/lib\libpic32.a(default-on-reset.o)
 .gnu.attributes
                0x0000000000000090       0x10 c:/program files/microchip/xc32/v3.01/bin/bin/../../lib/gcc/pic32mx/8.3.1/../../../../pic32mx/lib\libpic32.a(default-on-bootstrap.o)
 .gnu.attributes
                0x00000000000000a0       0x10 c:/program files/microchip/xc32/v3.01/bin/bin/../../lib/gcc/pic32mx/8.3.1/../../../../pic32mx/lib\libpic32.a(default-nmi-handler.o)
 .gnu.attributes
                0x00000000000000b0       0x10 c:/program files/microchip/xc32/v3.01/bin/bin/../../lib/gcc/pic32mx/8.3.1/../../../../pic32mx/lib\libpic32.a(pic32_data_init.o)
 .gnu.attributes
                0x00000000000000c0       0x10 c:/program files/microchip/xc32/v3.01/bin/bin/../../lib/gcc/pic32mx/8.3.1/../../../../pic32mx/lib\libpic32.a(general-exception.o)
 .gnu.attributes
                0x00000000000000d0       0x10 c:/program files/microchip/xc32/v3.01/bin/bin/../../lib/gcc/pic32mx/8.3.1/../../../../pic32mx/lib\libpic32.a(vector0.o)
 .gnu.attributes
                0x00000000000000e0       0x10 c:/program files/microchip/xc32/v3.01/bin/bin/../../lib/gcc/pic32mx/8.3.1/../../../../pic32mx/lib\libpic32.a(vector1.o)
 .gnu.attributes
                0x00000000000000f0       0x10 c:/program files/microchip/xc32/v3.01/bin/bin/../../lib/gcc/pic32mx/8.3.1/../../../../pic32mx/lib\libpic32.a(vector2.o)
 .gnu.attributes
                0x0000000000000100       0x10 c:/program files/microchip/xc32/v3.01/bin/bin/../../lib/gcc/pic32mx/8.3.1/../../../../pic32mx/lib\libpic32.a(vector3.o)
 .gnu.attributes
                0x0000000000000110       0x10 c:/program files/microchip/xc32/v3.01/bin/bin/../../lib/gcc/pic32mx/8.3.1/../../../../pic32mx/lib\libpic32.a(vector4.o)
 .gnu.attributes
                0x0000000000000120       0x10 c:/program files/microchip/xc32/v3.01/bin/bin/../../lib/gcc/pic32mx/8.3.1/../../../../pic32mx/lib\libpic32.a(vector5.o)
 .gnu.attributes
                0x0000000000000130       0x10 c:/program files/microchip/xc32/v3.01/bin/bin/../../lib/gcc/pic32mx/8.3.1/../../../../pic32mx/lib\libpic32.a(vector6.o)
 .gnu.attributes
                0x0000000000000140       0x10 c:/program files/microchip/xc32/v3.01/bin/bin/../../lib/gcc/pic32mx/8.3.1/../../../../pic32mx/lib\libpic32.a(vector7.o)
 .gnu.attributes
                0x0000000000000150       0x10 c:/program files/microchip/xc32/v3.01/bin/bin/../../lib/gcc/pic32mx/8.3.1/../../../../pic32mx/lib\libpic32.a(vector8.o)
 .gnu.attributes
                0x0000000000000160       0x10 c:/program files/microchip/xc32/v3.01/bin/bin/../../lib/gcc/pic32mx/8.3.1/../../../../pic32mx/lib\libpic32.a(vector9.o)
 .gnu.attributes
                0x0000000000000170       0x10 c:/program files/microchip/xc32/v3.01/bin/bin/../../lib/gcc/pic32mx/8.3.1/../../../../pic32mx/lib\libpic32.a(vector10.o)
 .gnu.attributes
                0x0000000000000180       0x10 c:/program files/microchip/xc32/v3.01/bin/bin/../../lib/gcc/pic32mx/8.3.1/../../../../pic32mx/lib\libpic32.a(vector11.o)
 .gnu.attributes
                0x0000000000000190       0x10 c:/program files/microchip/xc32/v3.01/bin/bin/../../lib/gcc/pic32mx/8.3.1/../../../../pic32mx/lib\libpic32.a(vector12.o)
 .gnu.attributes
                0x00000000000001a0       0x10 c:/program files/microchip/xc32/v3.01/bin/bin/../../lib/gcc/pic32mx/8.3.1/../../../../pic32mx/lib\libpic32.a(vector13.o)
 .gnu.attributes
                0x00000000000001b0       0x10 c:/program files/microchip/xc32/v3.01/bin/bin/../../lib/gcc/pic32mx/8.3.1/../../../../pic32mx/lib\libpic32.a(vector14.o)
 .gnu.attributes
                0x00000000000001c0       0x10 c:/program files/microchip/xc32/v3.01/bin/bin/../../lib/gcc/pic32mx/8.3.1/../../../../pic32mx/lib\libpic32.a(vector15.o)
 .gnu.attributes
                0x00000000000001d0       0x10 c:/program files/microchip/xc32/v3.01/bin/bin/../../lib/gcc/pic32mx/8.3.1/../../../../pic32mx/lib\libpic32.a(vector16.o)
 .gnu.attributes
                0x00000000000001e0       0x10 c:/program files/microchip/xc32/v3.01/bin/bin/../../lib/gcc/pic32mx/8.3.1/../../../../pic32mx/lib\libpic32.a(vector17.o)
 .gnu.attributes
                0x00000000000001f0       0x10 c:/program files/microchip/xc32/v3.01/bin/bin/../../lib/gcc/pic32mx/8.3.1/../../../../pic32mx/lib\libpic32.a(vector18.o)
 .gnu.attributes
                0x0000000000000200       0x10 c:/program files/microchip/xc32/v3.01/bin/bin/../../lib/gcc/pic32mx/8.3.1/../../../../pic32mx/lib\libpic32.a(vector19.o)
 .gnu.attributes
                0x0000000000000210       0x10 c:/program files/microchip/xc32/v3.01/bin/bin/../../lib/gcc/pic32mx/8.3.1/../../../../pic32mx/lib\libpic32.a(vector20.o)
 .gnu.attributes
                0x0000000000000220       0x10 c:/program files/microchip/xc32/v3.01/bin/bin/../../lib/gcc/pic32mx/8.3.1/../../../../pic32mx/lib\libpic32.a(vector21.o)
 .gnu.attributes
                0x0000000000000230       0x10 c:/program files/microchip/xc32/v3.01/bin/bin/../../lib/gcc/pic32mx/8.3.1/../../../../pic32mx/lib\libpic32.a(vector22.o)
 .gnu.attributes
                0x0000000000000240       0x10 c:/program files/microchip/xc32/v3.01/bin/bin/../../lib/gcc/pic32mx/8.3.1/../../../../pic32mx/lib\libpic32.a(vector23.o)
 .gnu.attributes
                0x0000000000000250       0x10 c:/program files/microchip/xc32/v3.01/bin/bin/../../lib/gcc/pic32mx/8.3.1/../../../../pic32mx/lib\libpic32.a(vector24.o)
 .gnu.attributes
                0x0000000000000260       0x10 c:/program files/microchip/xc32/v3.01/bin/bin/../../lib/gcc/pic32mx/8.3.1/../../../../pic32mx/lib\libpic32.a(vector25.o)
 .gnu.attributes
                0x0000000000000270       0x10 c:/program files/microchip/xc32/v3.01/bin/bin/../../lib/gcc/pic32mx/8.3.1/../../../../pic32mx/lib\libpic32.a(vector26.o)
 .gnu.attributes
                0x0000000000000280       0x10 c:/program files/microchip/xc32/v3.01/bin/bin/../../lib/gcc/pic32mx/8.3.1/../../../../pic32mx/lib\libpic32.a(vector27.o)
 .gnu.attributes
                0x0000000000000290       0x10 c:/program files/microchip/xc32/v3.01/bin/bin/../../lib/gcc/pic32mx/8.3.1/../../../../pic32mx/lib\libpic32.a(vector28.o)
 .gnu.attributes
                0x00000000000002a0       0x10 c:/program files/microchip/xc32/v3.01/bin/bin/../../lib/gcc/pic32mx/8.3.1/../../../../pic32mx/lib\libpic32.a(vector29.o)
 .gnu.attributes
                0x00000000000002b0       0x10 c:/program files/microchip/xc32/v3.01/bin/bin/../../lib/gcc/pic32mx/8.3.1/../../../../pic32mx/lib\libpic32.a(vector30.o)
 .gnu.attributes
                0x00000000000002c0       0x10 c:/program files/microchip/xc32/v3.01/bin/bin/../../lib/gcc/pic32mx/8.3.1/../../../../pic32mx/lib\libpic32.a(vector31.o)
 .gnu.attributes
                0x00000000000002d0       0x10 c:/program files/microchip/xc32/v3.01/bin/bin/../../lib/gcc/pic32mx/8.3.1/../../../../pic32mx/lib\libpic32.a(vector32.o)
 .gnu.attributes
                0x00000000000002e0       0x10 c:/program files/microchip/xc32/v3.01/bin/bin/../../lib/gcc/pic32mx/8.3.1/../../../../pic32mx/lib\libpic32.a(vector33.o)
 .gnu.attributes
                0x00000000000002f0       0x10 c:/program files/microchip/xc32/v3.01/bin/bin/../../lib/gcc/pic32mx/8.3.1/../../../../pic32mx/lib\libpic32.a(vector34.o)
 .gnu.attributes
                0x0000000000000300       0x10 c:/program files/microchip/xc32/v3.01/bin/bin/../../lib/gcc/pic32mx/8.3.1/../../../../pic32mx/lib\libpic32.a(vector35.o)
 .gnu.attributes
                0x0000000000000310       0x10 c:/program files/microchip/xc32/v3.01/bin/bin/../../lib/gcc/pic32mx/8.3.1/../../../../pic32mx/lib\libpic32.a(vector36.o)
 .gnu.attributes
                0x0000000000000320       0x10 c:/program files/microchip/xc32/v3.01/bin/bin/../../lib/gcc/pic32mx/8.3.1/../../../../pic32mx/lib\libpic32.a(vector37.o)
 .gnu.attributes
                0x0000000000000330       0x10 c:/program files/microchip/xc32/v3.01/bin/bin/../../lib/gcc/pic32mx/8.3.1/../../../../pic32mx/lib\libpic32.a(vector38.o)
 .gnu.attributes
                0x0000000000000340       0x10 c:/program files/microchip/xc32/v3.01/bin/bin/../../lib/gcc/pic32mx/8.3.1/../../../../pic32mx/lib\libpic32.a(vector39.o)
 .gnu.attributes
                0x0000000000000350       0x10 c:/program files/microchip/xc32/v3.01/bin/bin/../../lib/gcc/pic32mx/8.3.1/../../../../pic32mx/lib\libpic32.a(vector40.o)
 .gnu.attributes
                0x0000000000000360       0x10 c:/program files/microchip/xc32/v3.01/bin/bin/../../lib/gcc/pic32mx/8.3.1/../../../../pic32mx/lib\libpic32.a(vector41.o)
 .gnu.attributes
                0x0000000000000370       0x10 c:/program files/microchip/xc32/v3.01/bin/bin/../../lib/gcc/pic32mx/8.3.1/../../../../pic32mx/lib\libpic32.a(vector42.o)
 .gnu.attributes
                0x0000000000000380       0x10 c:/program files/microchip/xc32/v3.01/bin/bin/../../lib/gcc/pic32mx/8.3.1/../../../../pic32mx/lib\libpic32.a(vector43.o)
 .gnu.attributes
                0x0000000000000390       0x10 c:/program files/microchip/xc32/v3.01/bin/bin/../../lib/gcc/pic32mx/8.3.1/../../../../pic32mx/lib\libpic32.a(default-general-exception-handler.o)
 .gnu.attributes
                0x00000000000003a0       0x10 c:/program files/microchip/xc32/v3.01/bin/bin/../../lib/gcc/pic32mx/8.3.1/../../../../pic32mx/lib\libpic32.a(defaultinterrupt.o)
 .gnu.attributes
                0x00000000000003b0       0x10 c:/program files/microchip/xc32/v3.01/bin/bin/../../lib/gcc/pic32mx/8.3.1/../../../../pic32mx/lib\liblega-c.a(sprintf_cdnopuxX.eo)
 .gnu.attributes
                0x00000000000003c0       0x10 c:/program files/microchip/xc32/v3.01/bin/bin/../../lib/gcc/pic32mx/8.3.1/../../../../pic32mx/lib\liblega-c.a(sscanf_cdnopuxX.eo)
 .gnu.attributes
                0x00000000000003d0       0x10 c:/program files/microchip/xc32/v3.01/bin/bin/../../lib/gcc/pic32mx/8.3.1/../../../../pic32mx/lib\liblega-c.a(strlen.o)
 .gnu.attributes
                0x00000000000003e0       0x10 c:/program files/microchip/xc32/v3.01/bin/bin/../../lib/gcc/pic32mx/8.3.1/../../../../pic32mx/lib\liblega-c.a(_doprnt_cdnopuxX.eo)
 .gnu.attributes
                0x00000000000003f0       0x10 c:/program files/microchip/xc32/v3.01/bin/bin/../../lib/gcc/pic32mx/8.3.1/../../../../pic32mx/lib\liblega-c.a(_iobdata.o)
 .gnu.attributes
                0x0000000000000400       0x10 c:/program files/microchip/xc32/v3.01/bin/bin/../../lib/gcc/pic32mx/8.3.1/../../../../pic32mx/lib\liblega-c.a(_iobfuncs.o)
 .gnu.attributes
                0x0000000000000410       0x10 c:/program files/microchip/xc32/v3.01/bin/bin/../../lib/gcc/pic32mx/8.3.1/../../../../pic32mx/lib\liblega-c.a(_iobstring.o)
 .gnu.attributes
                0x0000000000000420       0x10 c:/program files/microchip/xc32/v3.01/bin/bin/../../lib/gcc/pic32mx/8.3.1/../../../../pic32mx/lib\liblega-c.a(fputc.o)
 .gnu.attributes
                0x0000000000000430       0x10 c:/program files/microchip/xc32/v3.01/bin/bin/../../lib/gcc/pic32mx/8.3.1/../../../../pic32mx/lib\liblega-c.a(_doscan.o)
 .gnu.attributes
                0x0000000000000440       0x10 c:/program files/microchip/xc32/v3.01/bin/bin/../../lib/gcc/pic32mx/8.3.1/../../../../pic32mx/lib\liblega-c.a(stubs.o)
 .gnu.attributes
                0x0000000000000450       0x10 c:/program files/microchip/xc32/v3.01/bin/bin/../../lib/gcc/pic32mx/8.3.1/../../../../pic32mx/lib\liblega-c.a(strchr.o)
 .gnu.attributes
                0x0000000000000460       0x10 c:/program files/microchip/xc32/v3.01/bin/bin/../../lib/gcc/pic32mx/8.3.1/../../../../pic32mx/lib\liblega-c.a(memcpy.o)
 .gnu.attributes
                0x0000000000000470       0x10 c:/program files/microchip/xc32/v3.01/bin/bin/../../lib/gcc/pic32mx/8.3.1/../../../../pic32mx/lib\liblega-c.a(memset.o)
 .gnu.attributes
                0x0000000000000480       0x10 c:/program files/microchip/xc32/v3.01/bin/bin/../../lib/gcc/pic32mx/8.3.1/../../../../pic32mx/lib\liblega-c.a(ctype.o)
 .gnu.attributes
                0x0000000000000490       0x10 c:/program files/microchip/xc32/v3.01/bin/bin/../../lib/gcc/pic32mx/8.3.1/../../../../pic32mx/lib\liblega-c.a(malloc.o)
 .gnu.attributes
                0x00000000000004a0       0x10 c:/program files/microchip/xc32/v3.01/bin/bin/../../lib/gcc/pic32mx/8.3.1/../../../../pic32mx/lib\liblega-c.a(malloc_realloc.o)
 .gnu.attributes
                0x00000000000004b0       0x10 c:/program files/microchip/xc32/v3.01/bin/bin/../../lib/gcc/pic32mx/8.3.1/../../../../pic32mx/lib\liblega-c.a(errno.o)
 .gnu.attributes
                0x00000000000004c0       0x10 c:/program files/microchip/xc32/v3.01/bin/bin/../../lib/gcc/pic32mx/8.3.1/../../../../pic32mx/lib\liblega-c.a(strtol.o)
 .gnu.attributes
                0x00000000000004d0       0x10 c:/program files/microchip/xc32/v3.01/bin/bin/../../lib/gcc/pic32mx/8.3.1/../../../../pic32mx/lib\liblega-c.a(strtoul.o)
 .gnu.attributes
                0x00000000000004e0       0x10 c:/program files/microchip/xc32/v3.01/bin/bin/../../lib/gcc/pic32mx/8.3.1/../../../../pic32mx/lib\liblega-c.a(strtoll.o)
 .gnu.attributes
                0x00000000000004f0       0x10 c:/program files/microchip/xc32/v3.01/bin/bin/../../lib/gcc/pic32mx/8.3.1/../../../../pic32mx/lib\liblega-c.a(strtoull.o)
 .gnu.attributes
                0x0000000000000500       0x10 c:/program files/microchip/xc32/v3.01/bin/bin/../../lib/gcc/pic32mx/8.3.1/../../../../pic32mx/lib\liblega-c.a(strtod.o)
 .gnu.attributes
                0x0000000000000510       0x10 c:/program files/microchip/xc32/v3.01/bin/bin/../../lib/gcc/pic32mx/8.3.1/../../../../pic32mx/lib\liblega-c.a(strtof.o)
 .gnu.attributes
                0x0000000000000520       0x10 c:/program files/microchip/xc32/v3.01/bin/bin/../../lib/gcc/pic32mx/8.3.1/../../../../pic32mx/lib\liblega-c.a(fullexit.o)
 .gnu.attributes
                0x0000000000000530       0x10 c:/program files/microchip/xc32/v3.01/bin/bin/../../lib/gcc/pic32mx/8.3.1/../../../../pic32mx/lib\liblega-c.a(fgetc.o)
 .gnu.attributes
                0x0000000000000540       0x10 c:/program files/microchip/xc32/v3.01/bin/bin/../../lib/gcc/pic32mx/8.3.1/../../../../pic32mx/lib\liblega-c.a(ungetc.o)
 .gnu.attributes
                0x0000000000000550       0x10 c:/program files/microchip/xc32/v3.01/bin/bin/../../lib/gcc/pic32mx/8.3.1/../../../../pic32mx/lib\liblega-c.a(memmove.o)
 .gnu.attributes
                0x0000000000000560       0x10 c:/program files/microchip/xc32/v3.01/bin/bin/../../lib/gcc/pic32mx/8.3.1/../../../../pic32mx/lib\liblega-c.a(_ioinit.o)
 .gnu.attributes
                0x0000000000000570       0x10 c:/program files/microchip/xc32/v3.01/bin/bin/../../lib/gcc/pic32mx/8.3.1/../../../../pic32mx/lib\liblega-c.a(_cleanup.o)
 .gnu.attributes
                0x0000000000000580       0x10 c:/program files/microchip/xc32/v3.01/bin/bin/../../lib/gcc/pic32mx/8.3.1/../../../../pic32mx/lib\liblega-c.a(_bufproc.o)
 .gnu.attributes
                0x0000000000000590       0x10 c:/program files/microchip/xc32/v3.01/bin/bin/../../lib/gcc/pic32mx/8.3.1/../../../../pic32mx/lib\libm.a(__strtod.o)
 .gnu.attributes
                0x00000000000005a0       0x10 c:/program files/microchip/xc32/v3.01/bin/bin/../../lib/gcc/pic32mx/8.3.1/../../../../pic32mx/lib\libm.a(__strtof.o)
 .gnu.attributes
                0x00000000000005b0       0x10 c:/program files/microchip/xc32/v3.01/bin/bin/../../lib/gcc/pic32mx/8.3.1/../../../../pic32mx/lib\libm.a(dp32div.o)
 .gnu.attributes
                0x00000000000005c0       0x10 c:/program files/microchip/xc32/v3.01/bin/bin/../../lib/gcc/pic32mx/8.3.1/../../../../pic32mx/lib\libm.a(dp32mul.o)
 .gnu.attributes
                0x00000000000005d0       0x10 c:/program files/microchip/xc32/v3.01/bin/bin/../../lib/gcc/pic32mx/8.3.1/../../../../pic32mx/lib\libm.a(dp32subadd.o)
 .gnu.attributes
                0x00000000000005e0       0x10 c:/program files/microchip/xc32/v3.01/bin/bin/../../lib/gcc/pic32mx/8.3.1/../../../../pic32mx/lib\libm.a(fp32div.o)
 .gnu.attributes
                0x00000000000005f0       0x10 c:/program files/microchip/xc32/v3.01/bin/bin/../../lib/gcc/pic32mx/8.3.1/../../../../pic32mx/lib\libm.a(fp32mul.o)
 .gnu.attributes
                0x0000000000000600       0x10 c:/program files/microchip/xc32/v3.01/bin/bin/../../lib/gcc/pic32mx/8.3.1/../../../../pic32mx/lib\libm.a(fp32subadd.o)
 .gnu.attributes
                0x0000000000000610       0x10 c:/program files/microchip/xc32/v3.01/bin/bin/../../lib/gcc/pic32mx/8.3.1/../../../../pic32mx/lib\libm.a(litodp.o)
 .gnu.attributes
                0x0000000000000620       0x10 c:/program files/microchip/xc32/v3.01/bin/bin/../../lib/gcc/pic32mx/8.3.1/../../../../pic32mx/lib\libm.a(negdf2.o)
 .gnu.attributes
                0x0000000000000630       0x10 c:/program files/microchip/xc32/v3.01/bin/bin/../../lib/gcc/pic32mx/8.3.1/../../../../pic32mx/lib\libm.a(negsf2.o)
 .gnu.attributes
                0x0000000000000640       0x10 c:/program files/microchip/xc32/v3.01/bin/bin/../../lib/gcc/pic32mx/8.3.1/../../../../pic32mx/lib\libm.a(sitofp.o)
 .gnu.attributes
                0x0000000000000650       0x10 c:/program files/microchip/xc32/v3.01/bin/bin/../../lib/gcc/pic32mx/8.3.1/../../../../pic32mx/lib\libe.a(_ldexp.o)
 .gnu.attributes
                0x0000000000000660       0x10 c:/program files/microchip/xc32/v3.01/bin/bin/../../lib/gcc/pic32mx/8.3.1/../../../../pic32mx/lib\libe.a(_ldexpf.o)
 .gnu.attributes
                0x0000000000000670       0x10 c:/program files/microchip/xc32/v3.01/bin/bin/../../lib/gcc/pic32mx/8.3.1\libgcc.a(_divdi3.o)
 .gnu.attributes
                0x0000000000000680       0x10 c:/program files/microchip/xc32/v3.01/bin/bin/../../lib/gcc/pic32mx/8.3.1\libgcc.a(_udivdi3.o)
 .gnu.attributes
                0x0000000000000690       0x10 c:/program files/microchip/xc32/v3.01/bin/bin/../../lib/gcc/pic32mx/8.3.1\libgcc.a(_umoddi3.o)
 .gnu.attributes
                0x00000000000006a0       0x10 c:/program files/microchip/xc32/v3.01/bin/bin/../../lib/gcc/pic32mx/8.3.1/../../../../pic32mx/lib\libpic32.a(sbrk.o)
 .gnu.attributes
                0x00000000000006b0       0x10 c:/program files/microchip/xc32/v3.01/bin/bin/../../lib/gcc/pic32mx/8.3.1/../../../../pic32mx/lib\libpic32.a(_exit.o)
 .gnu.attributes
                0x00000000000006c0       0x10 c:/program files/microchip/xc32/v3.01/bin/bin/../../lib/gcc/pic32mx/8.3.1/../../../../pic32mx/lib\libpic32.a(isatty.o)
 .gnu.attributes
                0x00000000000006d0       0x10 c:/program files/microchip/xc32/v3.01/bin/bin/../../lib/gcc/pic32mx/8.3.1/../../../../pic32mx/lib\libpic32.a(_mon_getc.o)
 .gnu.attributes
                0x00000000000006e0       0x10 c:/program files/microchip/xc32/v3.01/bin/bin/../../lib/gcc/pic32mx/8.3.1/../../../../pic32mx/lib\libpic32.a(_mon_write.o)
 .gnu.attributes
                0x00000000000006f0       0x10 c:/program files/microchip/xc32/v3.01/bin/bin/../../lib/gcc/pic32mx/8.3.1/../../../../pic32mx/lib\libpic32.a(xc32_uart.o)
 .gnu.attributes
                0x0000000000000700       0x10 c:/program files/microchip/xc32/v3.01/bin/bin/../../lib/gcc/pic32mx/8.3.1/../../../../pic32mx/lib\libpic32.a(_mon_putc.o)
LOAD C:\Users\chesk\AppData\Local\Temp\ccoBCsWM.o
LOAD C:\Users\chesk\AppData\Local\Temp\cc4KNZAT.o
LOAD C:\Users\chesk\AppData\Local\Temp\ccT4FnO3.o
LOAD c:/program files/microchip/xc32/v3.01/bin/bin/../../lib/gcc/pic32mx/8.3.1/../../../../pic32mx/lib\pic32_software_reset.o
LOAD c:/program files/microchip/xc32/v3.01/bin/bin/../../lib/gcc/pic32mx/8.3.1\libgcc.a
START GROUP
LOAD c:/program files/microchip/xc32/v3.01/bin/bin/../../lib/gcc/pic32mx/8.3.1/../../../../pic32mx/lib\libpic32.a
LOAD c:/program files/microchip/xc32/v3.01/bin/bin/../../lib/gcc/pic32mx/8.3.1/../../../../pic32mx/lib\libdebug.a
LOAD c:/program files/microchip/xc32/v3.01/bin/bin/../../lib/gcc/pic32mx/8.3.1/../../../../pic32mx/lib\liblega-c.a
LOAD c:/program files/microchip/xc32/v3.01/bin/bin/../../lib/gcc/pic32mx/8.3.1/../../../../pic32mx/lib\libm.a
LOAD c:/program files/microchip/xc32/v3.01/bin/bin/../../lib/gcc/pic32mx/8.3.1/../../../../pic32mx/lib\libe.a
LOAD c:/program files/microchip/xc32/v3.01/bin/bin/../../lib/gcc/pic32mx/8.3.1/../../../../pic32mx/lib\libdsp.a
LOAD c:/program files/microchip/xc32/v3.01/bin/bin/../../lib/gcc/pic32mx/8.3.1\libgcc.a
LOAD c:/program files/microchip/xc32/v3.01/bin/bin/../../lib/gcc/pic32mx/8.3.1/../../../../pic32mx/lib\libpic32.a
END GROUP
LOAD c:/program files/microchip/xc32/v3.01/bin/bin/../../lib/gcc/pic32mx/8.3.1\libgcc.a
OUTPUT(dist/default/production/HW2.X.production.elf elf32-tradlittlemips)
LOAD stack
LOAD data_init

.stack          0x00000000a0000618      0x400
 .stack         0x00000000a0000618      0x400 stack

.data           0x00000000a000000c      0x4e4
 .data          0x00000000a000000c      0x410 c:/program files/microchip/xc32/v3.01/bin/bin/../../lib/gcc/pic32mx/8.3.1/../../../../pic32mx/lib\liblega-c.a(malloc.o)
                0x00000000a000000c                malloc_sbrk_base
                0x00000000a0000010                malloc_trim_threshold
                0x00000000a0000014                malloc_av_
 .data          0x00000000a000041c       0xd4 c:/program files/microchip/xc32/v3.01/bin/bin/../../lib/gcc/pic32mx/8.3.1/../../../../pic32mx/lib\liblega-c.a(_iobdata.o)

.bss            0x00000000a00004f0       0xbc
 .bss           0x00000000a00004f0       0x88 c:/program files/microchip/xc32/v3.01/bin/bin/../../lib/gcc/pic32mx/8.3.1/../../../../pic32mx/lib\liblega-c.a(_iobdata.o)
 .bss           0x00000000a0000578       0x34 c:/program files/microchip/xc32/v3.01/bin/bin/../../lib/gcc/pic32mx/8.3.1/../../../../pic32mx/lib\liblega-c.a(malloc.o)
                0x00000000a0000578                malloc_current_mallinfo
                0x00000000a00005a0                malloc_max_total_mem
                0x00000000a00005a4                malloc_max_sbrked_mem
                0x00000000a00005a8                malloc_top_pad

.bss            0x00000000a00005ac       0x24
 .bss           0x00000000a00005ac       0x24 c:/program files/microchip/xc32/v3.01/bin/bin/../../lib/gcc/pic32mx/8.3.1/../../../../pic32mx/lib\libpic32.a(sbrk.o)
                0x00000000a00005c8                _maxbrk
                0x00000000a00005cc                _minbrk

.data           0x00000000a00005d0       0x20
 .data          0x00000000a00005d0       0x20 c:/program files/microchip/xc32/v3.01/bin/bin/../../lib/gcc/pic32mx/8.3.1/../../../../pic32mx/lib\liblega-c.a(fullexit.o)
                0x00000000a00005d0                __exfun_mx

.bss            0x00000000a00005f0        0x8
 .bss           0x00000000a00005f0        0x4 c:/program files/microchip/xc32/v3.01/bin/bin/../../lib/gcc/pic32mx/8.3.1/../../../../pic32mx/lib\liblega-c.a(stubs.o)
                0x00000000a00005f0                __isthreaded
 .bss           0x00000000a00005f4        0x4 c:/program files/microchip/xc32/v3.01/bin/bin/../../lib/gcc/pic32mx/8.3.1/../../../../pic32mx/lib\liblega-c.a(_cleanup.o)
                0x00000000a00005f4                __cleanup

.mdebug.abi32%z1
                0x0000000000000000        0x0
 .mdebug.abi32  0x0000000000000000        0x0 c:/program files/microchip/xc32/v3.01/bin/bin/../../lib/gcc/pic32mx/8.3.1/../../../../pic32mx/lib\libpic32.a(_mon_putc.o)

.bss%z2         0x0000000000000000        0x0
 .bss           0x0000000000000000        0x0 c:/program files/microchip/xc32/v3.01/bin/bin/../../lib/gcc/pic32mx/8.3.1/../../../../pic32mx/lib\libpic32.a(_mon_putc.o)

.data%z3        0x0000000000000000        0x0
 .data          0x0000000000000000        0x0 c:/program files/microchip/xc32/v3.01/bin/bin/../../lib/gcc/pic32mx/8.3.1/../../../../pic32mx/lib\libpic32.a(_mon_putc.o)

.mdebug.abi32%z4
                0x0000000000000000        0x0
 .mdebug.abi32  0x0000000000000000        0x0 c:/program files/microchip/xc32/v3.01/bin/bin/../../lib/gcc/pic32mx/8.3.1/../../../../pic32mx/lib\libpic32.a(xc32_uart.o)

.bss%z5         0x0000000000000000        0x0
 .bss           0x0000000000000000        0x0 c:/program files/microchip/xc32/v3.01/bin/bin/../../lib/gcc/pic32mx/8.3.1/../../../../pic32mx/lib\libpic32.a(xc32_uart.o)

.data%z6        0x0000000000000000        0x0
 .data          0x0000000000000000        0x0 c:/program files/microchip/xc32/v3.01/bin/bin/../../lib/gcc/pic32mx/8.3.1/../../../../pic32mx/lib\libpic32.a(xc32_uart.o)

.mdebug.abi32%z7
                0x0000000000000000        0x0
 .mdebug.abi32  0x0000000000000000        0x0 c:/program files/microchip/xc32/v3.01/bin/bin/../../lib/gcc/pic32mx/8.3.1/../../../../pic32mx/lib\libpic32.a(_mon_write.o)
